Archive member included to satisfy reference by file (symbol)

app/libapp.a(main.c.obj)      (--whole-archive)
zephyr/libzephyr.a(heap.c.obj)
                              (--whole-archive)
zephyr/libzephyr.a(cbprintf_packaged.c.obj)
                              (--whole-archive)
zephyr/libzephyr.a(printk.c.obj)
                              (--whole-archive)
zephyr/libzephyr.a(sem.c.obj)
                              (--whole-archive)
zephyr/libzephyr.a(thread_entry.c.obj)
                              (--whole-archive)
zephyr/libzephyr.a(cbprintf_complete.c.obj)
                              (--whole-archive)
zephyr/libzephyr.a(assert.c.obj)
                              (--whole-archive)
zephyr/libzephyr.a(dec.c.obj)
                              (--whole-archive)
zephyr/libzephyr.a(hex.c.obj)
                              (--whole-archive)
zephyr/libzephyr.a(rb.c.obj)  (--whole-archive)
zephyr/libzephyr.a(timeutil.c.obj)
                              (--whole-archive)
zephyr/libzephyr.a(bitarray.c.obj)
                              (--whole-archive)
zephyr/libzephyr.a(onoff.c.obj)
                              (--whole-archive)
zephyr/libzephyr.a(notify.c.obj)
                              (--whole-archive)
zephyr/libzephyr.a(configs.c.obj)
                              (--whole-archive)
zephyr/libzephyr.a(mem_attr.c.obj)
                              (--whole-archive)
zephyr/libzephyr.a(tracing_none.c.obj)
                              (--whole-archive)
zephyr/libzephyr.a(banner.c.obj)
                              (--whole-archive)
zephyr/libzephyr.a(nrf_cc3xx_platform_abort_zephyr.c.obj)
                              (--whole-archive)
zephyr/libzephyr.a(nrf_cc3xx_platform_mutex_zephyr.c.obj)
                              (--whole-archive)
zephyr/arch/common/libarch__common.a(sw_isr_common.c.obj)
                              (--whole-archive)
zephyr/arch/arch/arm/core/libarch__arm__core.a(fatal.c.obj)
                              (--whole-archive)
zephyr/arch/arch/arm/core/libarch__arm__core.a(nmi.c.obj)
                              (--whole-archive)
zephyr/arch/arch/arm/core/libarch__arm__core.a(nmi_on_reset.S.obj)
                              (--whole-archive)
zephyr/arch/arch/arm/core/libarch__arm__core.a(tls.c.obj)
                              (--whole-archive)
zephyr/arch/arch/arm/core/cortex_m/libarch__arm__core__cortex_m.a(exc_exit.c.obj)
                              (--whole-archive)
zephyr/arch/arch/arm/core/cortex_m/libarch__arm__core__cortex_m.a(fault.c.obj)
                              (--whole-archive)
zephyr/arch/arch/arm/core/cortex_m/libarch__arm__core__cortex_m.a(fault_s.S.obj)
                              (--whole-archive)
zephyr/arch/arch/arm/core/cortex_m/libarch__arm__core__cortex_m.a(fpu.c.obj)
                              (--whole-archive)
zephyr/arch/arch/arm/core/cortex_m/libarch__arm__core__cortex_m.a(reset.S.obj)
                              (--whole-archive)
zephyr/arch/arch/arm/core/cortex_m/libarch__arm__core__cortex_m.a(scb.c.obj)
                              (--whole-archive)
zephyr/arch/arch/arm/core/cortex_m/libarch__arm__core__cortex_m.a(thread_abort.c.obj)
                              (--whole-archive)
zephyr/arch/arch/arm/core/cortex_m/libarch__arm__core__cortex_m.a(vector_table.S.obj)
                              (--whole-archive)
zephyr/arch/arch/arm/core/cortex_m/libarch__arm__core__cortex_m.a(swap.c.obj)
                              (--whole-archive)
zephyr/arch/arch/arm/core/cortex_m/libarch__arm__core__cortex_m.a(swap_helper.S.obj)
                              (--whole-archive)
zephyr/arch/arch/arm/core/cortex_m/libarch__arm__core__cortex_m.a(irq_manage.c.obj)
                              (--whole-archive)
zephyr/arch/arch/arm/core/cortex_m/libarch__arm__core__cortex_m.a(prep_c.c.obj)
                              (--whole-archive)
zephyr/arch/arch/arm/core/cortex_m/libarch__arm__core__cortex_m.a(thread.c.obj)
                              (--whole-archive)
zephyr/arch/arch/arm/core/cortex_m/libarch__arm__core__cortex_m.a(cpu_idle.c.obj)
                              (--whole-archive)
zephyr/arch/arch/arm/core/cortex_m/libarch__arm__core__cortex_m.a(irq_init.c.obj)
                              (--whole-archive)
zephyr/arch/arch/arm/core/cortex_m/libarch__arm__core__cortex_m.a(isr_wrapper.c.obj)
                              (--whole-archive)
zephyr/arch/arch/arm/core/cortex_m/libarch__arm__core__cortex_m.a(__aeabi_read_tp.S.obj)
                              (--whole-archive)
zephyr/arch/arch/arm/core/cortex_m/cmse/libarch__arm__core__cortex_m__cmse.a(arm_core_cmse.c.obj)
                              (--whole-archive)
zephyr/arch/arch/arm/core/mpu/libarch__arm__core__mpu.a(arm_core_mpu.c.obj)
                              (--whole-archive)
zephyr/arch/arch/arm/core/mpu/libarch__arm__core__mpu.a(arm_mpu.c.obj)
                              (--whole-archive)
zephyr/arch/arch/arm/core/mpu/libarch__arm__core__mpu.a(arm_mpu_regions.c.obj)
[...]
Memory Configuration

Name             Origin             Length             Attributes
FLASH            0x0000000000000000 0x0000000000100000 xr
RAM              0x0000000020000000 0x0000000000070000 xw
IDT_LIST         0x00000000ffff7fff 0x0000000000008000 xw
*default*        0x0000000000000000 0xffffffffffffffff

Linker script and memory map

                0x0000000000004700                vfprintf = __l_vfprintf
                0x0000000000000000                vfscanf = __l_vfscanf
LOAD zephyr/CMakeFiles/zephyr_pre0.dir/misc/empty_file.c.obj
LOAD zephyr/CMakeFiles/offsets.dir/./arch/arm/core/offsets/offsets.c.obj
LOAD app/libapp.a
LOAD zephyr/libzephyr.a
LOAD zephyr/arch/common/libarch__common.a
LOAD zephyr/arch/arch/arm/core/libarch__arm__core.a
LOAD zephyr/arch/arch/arm/core/cortex_m/libarch__arm__core__cortex_m.a
LOAD zephyr/arch/arch/arm/core/cortex_m/cmse/libarch__arm__core__cortex_m__cmse.a
LOAD zephyr/arch/arch/arm/core/mpu/libarch__arm__core__mpu.a
LOAD zephyr/lib/libc/picolibc/liblib__libc__picolibc.a
LOAD zephyr/lib/libc/common/liblib__libc__common.a
LOAD zephyr/soc/soc/nrf5340/libsoc__nordic.a
LOAD zephyr/drivers/clock_control/libdrivers__clock_control.a
LOAD zephyr/drivers/console/libdrivers__console.a
LOAD zephyr/drivers/gpio/libdrivers__gpio.a
LOAD zephyr/drivers/pinctrl/libdrivers__pinctrl.a
LOAD zephyr/drivers/regulator/libdrivers__regulator.a
LOAD zephyr/drivers/serial/libdrivers__serial.a
LOAD zephyr/drivers/timer/libdrivers__timer.a
LOAD modules/nrf/drivers/hw_cc3xx/lib..__nrf__drivers__hw_cc3xx.a
LOAD modules/hal_nordic/nrfx/libmodules__hal_nordic__nrfx.a
LOAD zephyr/kernel/libkernel.a
LOAD c:/ncs/toolchains/ce3b5ff664/opt/zephyr-sdk/arm-zephyr-eabi/bin/../lib/gcc/arm-zephyr-eabi/12.2.0/thumb/v8-m.main/nofp\libgcc.a
LOAD zephyr/arch/common/libisr_tables.a
LOAD C:/ncs/v2.7.0/nrfxlib/crypto/nrf_cc312_platform/lib/cortex-m33/soft-float/no-interrupts/libnrf_cc312_platform_0.9.19.a
LOAD c:\ncs\toolchains\ce3b5ff664\opt\zephyr-sdk\arm-zephyr-eabi\bin\../lib/gcc/../../picolibc/arm-zephyr-eabi/lib/thumb/v8-m.main/nofp\libc.a
LOAD c:/ncs/toolchains/ce3b5ff664/opt/zephyr-sdk/arm-zephyr-eabi/bin/../lib/gcc/arm-zephyr-eabi/12.2.0/thumb/v8-m.main/nofp\libgcc.a
                0x0000000000000020                _region_min_align = 0x20

.rel.plt        0x0000000000000000        0x0
 *(SORT_BY_ALIGNMENT(.rel.plt))
                [!provide]                        PROVIDE (__rel_iplt_start = .)
 *(SORT_BY_ALIGNMENT(.rel.iplt))
 .rel.iplt      0x0000000000000000        0x0 app/libapp.a(main.c.obj)
                [!provide]                        PROVIDE (__rel_iplt_end = .)

.rela.plt       0x0000000000000000        0x0
 *(SORT_BY_ALIGNMENT(.rela.plt))
                [!provide]                        PROVIDE (__rela_iplt_start = .)
 *(SORT_BY_ALIGNMENT(.rela.iplt))
                [!provide]                        PROVIDE (__rela_iplt_end = .)

.rel.dyn
 *(SORT_BY_ALIGNMENT(.rel.*))

.rela.dyn
 *(SORT_BY_ALIGNMENT(.rela.*))

/DISCARD/
 *(SORT_BY_ALIGNMENT(.plt))

/DISCARD/
 *(SORT_BY_ALIGNMENT(.iplt))
                0x0000000000000000                __rom_region_start = 0x0

rom_start       0x0000000000000000      0x154
                0x0000000000000000                __rom_start_address = .
 FILL mask 0x00
                0x0000000000000000                . = (. + (0x0 - (. - __rom_start_address)))
                0x0000000000000000                . = ALIGN (0x4)
                0x0000000000000000                . = ALIGN (0x80)
                0x0000000000000000                . = ALIGN (0x200)
                0x0000000000000000                _vector_start = .
 *(SORT_BY_ALIGNMENT(.exc_vector_table))
 *(SORT_BY_ALIGNMENT(.exc_vector_table.*))
 .exc_vector_table._vector_table_section
                0x0000000000000000       0x40 zephyr/arch/arch/arm/core/cortex_m/libarch__arm__core__cortex_m.a(vector_table.S.obj)
                0x0000000000000000                _vector_table
 *(SORT_BY_ALIGNMENT(.vectors))
                0x0000000000000154                _vector_end = .
                0x0000000000000040                . = ALIGN (0x4)
 *(SORT_BY_ALIGNMENT(.gnu.linkonce.irq_vector_table*))
 .gnu.linkonce.irq_vector_table
                0x0000000000000040      0x114 zephyr/arch/common/libisr_tables.a(isr_tables.c.obj)
                0x0000000000000040                _irq_vector_table
                0x0000000000000154                _vector_end = .

text            0x0000000000000154     0x5f84
                0x0000000000000154                __text_region_start = .
 *(SORT_BY_ALIGNMENT(.text))
 .text          0x0000000000000154       0x30 c:/ncs/toolchains/ce3b5ff664/opt/zephyr-sdk/arm-zephyr-eabi/bin/../lib/gcc/arm-zephyr-eabi/12.2.0/thumb/v8-m.main/nofp\libgcc.a(_aeabi_uldivmod.o)
                0x0000000000000154                __aeabi_uldivmod
 .text          0x0000000000000184        0x4 c:/ncs/toolchains/ce3b5ff664/opt/zephyr-sdk/arm-zephyr-eabi/bin/../lib/gcc/arm-zephyr-eabi/12.2.0/thumb/v8-m.main/nofp\libgcc.a(_dvmd_tls.o)
                0x0000000000000184                __aeabi_idiv0
                0x0000000000000184                __aeabi_ldiv0
 .text          0x0000000000000188      0x29c c:/ncs/toolchains/ce3b5ff664/opt/zephyr-sdk/arm-zephyr-eabi/bin/../lib/gcc/arm-zephyr-eabi/12.2.0/thumb/v8-m.main/nofp\libgcc.a(_udivmoddi4.o)
                0x0000000000000188                __udivmoddi4
 *(SORT_BY_ALIGNMENT(.text.*))
 .text.uart_task
                0x0000000000000424       0x80 app/libapp.a(main.c.obj)
                0x0000000000000424                uart_task
 .text.dispatcher_task
                0x00000000000004a4       0x7c app/libapp.a(main.c.obj)
                0x00000000000004a4                dispatcher_task
 .text.green_led_task
                0x0000000000000520       0x58 app/libapp.a(main.c.obj)
                0x0000000000000520                green_led_task
 .text.red_led_task
                0x0000000000000578       0x58 app/libapp.a(main.c.obj)
                0x0000000000000578                red_led_task
 .text.yellow_led_task
                0x00000000000005d0       0x6c app/libapp.a(main.c.obj)
                0x00000000000005d0                yellow_led_task
 .text.init_uart
                0x000000000000063c       0x14 app/libapp.a(main.c.obj)
                0x000000000000063c                init_uart
 .text.init_leds
                0x0000000000000650       0x58 app/libapp.a(main.c.obj)
                0x0000000000000650                init_leds
 .text.main     0x00000000000006a8       0x2c app/libapp.a(main.c.obj)
                0x00000000000006a8                main
 .text.char_out
                0x00000000000006d4        0xc zephyr/libzephyr.a(printk.c.obj)
 .text.vprintk  0x00000000000006e0       0x30 zephyr/libzephyr.a(printk.c.obj)
                0x00000000000006e0                vprintk
 .text.__printk_hook_install
                0x0000000000000710        0xc zephyr/libzephyr.a(printk.c.obj)
                0x0000000000000710                __printk_hook_install
 .text.z_thread_entry
                0x000000000000071c       0x34 zephyr/libzephyr.a(thread_entry.c.obj)
                0x000000000000071c                z_thread_entry
 .text.process_event
                0x0000000000000750      0x21c zephyr/libzephyr.a(onoff.c.obj)
 .text.mem_attr_get_regions
                0x000000000000096c        0xc zephyr/libzephyr.a(mem_attr.c.obj)
                0x000000000000096c                mem_attr_get_regions
 .text.boot_banner
                0x0000000000000978       0x1c zephyr/libzephyr.a(banner.c.obj)
                0x0000000000000978                boot_banner
 .text.nrf_cc3xx_platform_abort_init
                0x0000000000000994        0xc zephyr/libzephyr.a(nrf_cc3xx_platform_abort_zephyr.c.obj)
                0x0000000000000994                nrf_cc3xx_platform_abort_init
 .text.mutex_free_platform
                0x00000000000009a0       0x54 zephyr/libzephyr.a(nrf_cc3xx_platform_mutex_zephyr.c.obj)
 .text.mutex_lock_platform
                0x00000000000009f4       0x74 zephyr/libzephyr.a(nrf_cc3xx_platform_mutex_zephyr.c.obj)
 .text.mutex_unlock_platform
                0x0000000000000a68       0x68 zephyr/libzephyr.a(nrf_cc3xx_platform_mutex_zephyr.c.obj)
 .text.mutex_init_platform
                0x0000000000000ad0       0x94 zephyr/libzephyr.a(nrf_cc3xx_platform_mutex_zephyr.c.obj)
 .text.nrf_cc3xx_platform_mutex_init
                0x0000000000000b64       0x2c zephyr/libzephyr.a(nrf_cc3xx_platform_mutex_zephyr.c.obj)
                0x0000000000000b64                nrf_cc3xx_platform_mutex_init
 .text.z_SysNmiOnReset
                0x0000000000000b90        0x8 zephyr/arch/arch/arm/core/libarch__arm__core.a(nmi_on_reset.S.obj)
                0x0000000000000b90                z_SysNmiOnReset
 .text.arch_tls_stack_setup
                0x0000000000000b98       0x40 zephyr/arch/arch/arm/core/libarch__arm__core.a(tls.c.obj)
                0x0000000000000b98                arch_tls_stack_setup
 .text._HandlerModeExit
                0x0000000000000bd8       0x28 zephyr/arch/arch/arm/core/cortex_m/libarch__arm__core__cortex_m.a(exc_exit.c.obj)
                0x0000000000000bd8                z_arm_int_exit
                0x0000000000000bd8                z_arm_exc_exit
 .text.usage_fault.constprop.0
                0x0000000000000c00       0x5c zephyr/arch/arch/arm/core/cortex_m/libarch__arm__core__cortex_m.a(fault.c.obj)
 .text.bus_fault.constprop.0
                0x0000000000000c5c       0x6c zephyr/arch/arch/arm/core/cortex_m/libarch__arm__core__cortex_m.a(fault.c.obj)
 .text.mem_manage_fault.constprop.0
                0x0000000000000cc8       0x78 zephyr/arch/arch/arm/core/cortex_m/libarch__arm__core__cortex_m.a(fault.c.obj)
 .text.z_arm_fault
                0x0000000000000d40      0x124 zephyr/arch/arch/arm/core/cortex_m/libarch__arm__core__cortex_m.a(fault.c.obj)
                0x0000000000000d40                z_arm_fault
 .text.z_arm_fault_init
                0x0000000000000e64       0x18 zephyr/arch/arch/arm/core/cortex_m/libarch__arm__core__cortex_m.a(fault.c.obj)
                0x0000000000000e64                z_arm_fault_init
 .text.__fault  0x0000000000000e7c       0x14 zephyr/arch/arch/arm/core/cortex_m/libarch__arm__core__cortex_m.a(fault_s.S.obj)
                0x0000000000000e7c                z_arm_usage_fault
                0x0000000000000e7c                z_arm_mpu_fault
                0x0000000000000e7c                z_arm_exc_spurious
                0x0000000000000e7c                z_arm_debug_monitor
                0x0000000000000e7c                z_arm_hard_fault
                0x0000000000000e7c                z_arm_bus_fault
 .text._reset_section
                0x0000000000000e90       0x60 zephyr/arch/arch/arm/core/cortex_m/libarch__arm__core__cortex_m.a(reset.S.obj)
                0x0000000000000e90                __start
                0x0000000000000e90                z_arm_reset
 .text.z_arm_clear_arm_mpu_config
                0x0000000000000ef0       0x24 zephyr/arch/arch/arm/core/cortex_m/libarch__arm__core__cortex_m.a(scb.c.obj)
                0x0000000000000ef0                z_arm_clear_arm_mpu_config
 .text.z_arm_init_arch_hw_at_boot
                0x0000000000000f14       0x4c zephyr/arch/arch/arm/core/cortex_m/libarch__arm__core__cortex_m.a(scb.c.obj)
                0x0000000000000f14                z_arm_init_arch_hw_at_boot
 .text.z_impl_k_thread_abort
                0x0000000000000f60       0x2c zephyr/arch/arch/arm/core/cortex_m/libarch__arm__core__cortex_m.a(thread_abort.c.obj)
                0x0000000000000f60                z_impl_k_thread_abort
 .text.arch_swap
                0x0000000000000f8c       0x30 zephyr/arch/arch/arm/core/cortex_m/libarch__arm__core__cortex_m.a(swap.c.obj)
                0x0000000000000f8c                arch_swap
 .text.z_arm_pendsv_c
                0x0000000000000fbc       0x40 zephyr/arch/arch/arm/core/cortex_m/libarch__arm__core__cortex_m.a(swap.c.obj)
                0x0000000000000fbc                z_arm_pendsv_c
 .text.z_arm_pendsv
                0x0000000000000ffc       0x40 zephyr/arch/arch/arm/core/cortex_m/libarch__arm__core__cortex_m.a(swap_helper.S.obj)
                0x0000000000000ffc                z_arm_pendsv
 .text.z_arm_svc
                0x000000000000103c       0x20 zephyr/arch/arch/arm/core/cortex_m/libarch__arm__core__cortex_m.a(swap_helper.S.obj)
                0x000000000000103c                z_arm_svc
 .text.arch_irq_enable
                0x000000000000105c       0x1c zephyr/arch/arch/arm/core/cortex_m/libarch__arm__core__cortex_m.a(irq_manage.c.obj)
                0x000000000000105c                arch_irq_enable
 .text.arch_irq_is_enabled
                0x0000000000001078       0x1c zephyr/arch/arch/arm/core/cortex_m/libarch__arm__core__cortex_m.a(irq_manage.c.obj)
                0x0000000000001078                arch_irq_is_enabled
 .text.z_arm_irq_priority_set
                0x0000000000001094       0x2c zephyr/arch/arch/arm/core/cortex_m/libarch__arm__core__cortex_m.a(irq_manage.c.obj)
                0x0000000000001094                z_arm_irq_priority_set
 .text.z_prep_c
                0x00000000000010c0       0x38 zephyr/arch/arch/arm/core/cortex_m/libarch__arm__core__cortex_m.a(prep_c.c.obj)
                0x00000000000010c0                z_prep_c
 .text.arch_new_thread
                0x00000000000010f8       0x38 zephyr/arch/arch/arm/core/cortex_m/libarch__arm__core__cortex_m.a(thread.c.obj)
                0x00000000000010f8                arch_new_thread
 .text.arch_switch_to_main_thread
                0x0000000000001130       0x44 zephyr/arch/arch/arm/core/cortex_m/libarch__arm__core__cortex_m.a(thread.c.obj)
                0x0000000000001130                arch_switch_to_main_thread
 .text.z_arm_cpu_idle_init
                0x0000000000001174        0xc zephyr/arch/arch/arm/core/cortex_m/libarch__arm__core__cortex_m.a(cpu_idle.c.obj)
                0x0000000000001174                z_arm_cpu_idle_init
 .text.z_arm_interrupt_init
                0x0000000000001180       0x18 zephyr/arch/arch/arm/core/cortex_m/libarch__arm__core__cortex_m.a(irq_init.c.obj)
                0x0000000000001180                z_arm_interrupt_init
 .text._isr_wrapper
                0x0000000000001198       0x24 zephyr/arch/arch/arm/core/cortex_m/libarch__arm__core__cortex_m.a(isr_wrapper.c.obj)
                0x0000000000001198                _isr_wrapper
 .text.z_arm_configure_static_mpu_regions
                0x00000000000011bc       0x38 zephyr/arch/arch/arm/core/mpu/libarch__arm__core__mpu.a(arm_core_mpu.c.obj)
                0x00000000000011bc                z_arm_configure_static_mpu_regions
 .text.region_init
                0x00000000000011f4       0x34 zephyr/arch/arch/arm/core/mpu/libarch__arm__core__mpu.a(arm_mpu.c.obj)
 .text.region_allocate_and_init
                0x0000000000001228       0x24 zephyr/arch/arch/arm/core/mpu/libarch__arm__core__mpu.a(arm_mpu.c.obj)
 .text.mpu_configure_regions_and_partition.constprop.0
                0x000000000000124c      0x148 zephyr/arch/arch/arm/core/mpu/libarch__arm__core__mpu.a(arm_mpu.c.obj)
 .text.arm_core_mpu_enable
                0x0000000000001394       0x18 zephyr/arch/arch/arm/core/mpu/libarch__arm__core__mpu.a(arm_mpu.c.obj)
                0x0000000000001394                arm_core_mpu_enable
 .text.arm_core_mpu_disable
                0x00000000000013ac       0x14 zephyr/arch/arch/arm/core/mpu/libarch__arm__core__mpu.a(arm_mpu.c.obj)
                0x00000000000013ac                arm_core_mpu_disable
 .text.arm_core_mpu_configure_static_mpu_regions
                0x00000000000013c0       0x14 zephyr/arch/arch/arm/core/mpu/libarch__arm__core__mpu.a(arm_mpu.c.obj)
                0x00000000000013c0                arm_core_mpu_configure_static_mpu_regions
 .text.arm_core_mpu_mark_areas_for_dynamic_regions
                0x00000000000013d4       0xb8 zephyr/arch/arch/arm/core/mpu/libarch__arm__core__mpu.a(arm_mpu.c.obj)
                0x00000000000013d4                arm_core_mpu_mark_areas_for_dynamic_regions
 .text.z_arm_mpu_init
                0x000000000000148c      0x11c zephyr/arch/arch/arm/core/mpu/libarch__arm__core__mpu.a(arm_mpu.c.obj)
                0x000000000000148c                z_arm_mpu_init
 .text.z_impl_zephyr_fputc
                0x00000000000015a8       0x10 zephyr/lib/libc/picolibc/liblib__libc__picolibc.a(libc-hooks.c.obj)
                0x00000000000015a8                z_impl_zephyr_fputc
 .text.__stdout_hook_install
                0x00000000000015b8       0x18 zephyr/lib/libc/picolibc/liblib__libc__picolibc.a(libc-hooks.c.obj)
                0x00000000000015b8                __stdout_hook_install
 .text.malloc_prepare
                0x00000000000015d0       0x24 zephyr/lib/libc/common/liblib__libc__common.a(malloc.c.obj)
 .text.rtc_pretick_init
                0x00000000000015f4       0x60 zephyr/soc/soc/nrf5340/libsoc__nordic.a(soc.c.obj)
 .text.nrf_gpio_pin_control_select.constprop.0
                0x0000000000001654       0x1c zephyr/soc/soc/nrf5340/libsoc__nordic.a(soc.c.obj)
 .text.nordicsemi_nrf53_init
                0x0000000000001670       0x38 zephyr/soc/soc/nrf5340/libsoc__nordic.a(soc.c.obj)
 .text.z_arm_on_enter_cpu_idle
                0x00000000000016a8       0x64 zephyr/soc/soc/nrf5340/libsoc__nordic.a(soc.c.obj)
                0x00000000000016a8                z_arm_on_enter_cpu_idle
 .text.arch_busy_wait
                0x000000000000170c       0x24 zephyr/soc/soc/nrf5340/libsoc__nordic.a(soc.c.obj)
                0x000000000000170c                arch_busy_wait
 .text.nrf53_cpunet_mgmt_init
                0x0000000000001730       0x10 zephyr/soc/soc/nrf5340/libsoc__nordic.a(nrf53_cpunet_mgmt.c.obj)
 .text.onoff_start
                0x0000000000001740       0x6c zephyr/soc/soc/nrf5340/libsoc__nordic.a(nrf53_cpunet_mgmt.c.obj)
 .text.onoff_stop
                0x00000000000017ac       0x30 zephyr/drivers/clock_control/libdrivers__clock_control.a(clock_control_nrf.c.obj)
 .text.onoff_start
                0x00000000000017dc       0x44 zephyr/drivers/clock_control/libdrivers__clock_control.a(clock_control_nrf.c.obj)
 .text.generic_hfclk_stop
                0x0000000000001820       0x34 zephyr/drivers/clock_control/libdrivers__clock_control.a(clock_control_nrf.c.obj)
 .text.clk_init
                0x0000000000001854       0x64 zephyr/drivers/clock_control/libdrivers__clock_control.a(clock_control_nrf.c.obj)
 .text.api_blocking_start
                0x00000000000018b8       0x34 zephyr/drivers/clock_control/libdrivers__clock_control.a(clock_control_nrf.c.obj)
 .text.clkstarted_handle.constprop.0
                0x00000000000018ec       0x4c zephyr/drivers/clock_control/libdrivers__clock_control.a(clock_control_nrf.c.obj)
 .text.generic_hfclk_start
                0x0000000000001938       0x78 zephyr/drivers/clock_control/libdrivers__clock_control.a(clock_control_nrf.c.obj)
 .text.clock_event_handler
                0x00000000000019b0       0x30 zephyr/drivers/clock_control/libdrivers__clock_control.a(clock_control_nrf.c.obj)
 .text.z_nrf_clock_control_lf_on
                0x00000000000019e0       0xf8 zephyr/drivers/clock_control/libdrivers__clock_control.a(clock_control_nrf.c.obj)
                0x00000000000019e0                z_nrf_clock_control_lf_on
 .text.uart_console_init
                0x0000000000001ad8       0x28 zephyr/drivers/console/libdrivers__console.a(uart_console.c.obj)
 .text.console_out
                0x0000000000001b00       0x28 zephyr/drivers/console/libdrivers__console.a(uart_console.c.obj)
 .text.gpio_nrfx_pin_interrupt_configure
                0x0000000000001b28      0x100 zephyr/drivers/gpio/libdrivers__gpio.a(gpio_nrfx.c.obj)
 .text.gpio_nrfx_init
                0x0000000000001c28       0x48 zephyr/drivers/gpio/libdrivers__gpio.a(gpio_nrfx.c.obj)
 .text.nrfx_gpio_handler
                0x0000000000001c70       0x4c zephyr/drivers/gpio/libdrivers__gpio.a(gpio_nrfx.c.obj)
 .text.gpio_nrfx_pin_configure
                0x0000000000001cbc      0x18c zephyr/drivers/gpio/libdrivers__gpio.a(gpio_nrfx.c.obj)
 .text.gpio_hogs_init
                0x0000000000001e48       0x34 zephyr/drivers/gpio/libdrivers__gpio.a(gpio_hogs.c.obj)
 .text.nrf_gpio_pin_port_decode
                0x0000000000001e7c       0x24 zephyr/drivers/pinctrl/libdrivers__pinctrl.a(pinctrl_nrf.c.obj)
 .text.pinctrl_configure_pins
                0x0000000000001ea0      0x194 zephyr/drivers/pinctrl/libdrivers__pinctrl.a(pinctrl_nrf.c.obj)
                0x0000000000001ea0                pinctrl_configure_pins
 .text.uarte_0_init
                0x0000000000002034      0x274 zephyr/drivers/serial/libdrivers__serial.a(uart_nrfx_uarte.c.obj)
 .text.uarte_nrfx_poll_out
                0x00000000000022a8       0xcc zephyr/drivers/serial/libdrivers__serial.a(uart_nrfx_uarte.c.obj)
 .text.compare_int_lock
                0x0000000000002374       0x40 zephyr/drivers/timer/libdrivers__timer.a(nrf_rtc_timer.c.obj)
 .text.sys_clock_timeout_handler
                0x00000000000023b4       0x48 zephyr/drivers/timer/libdrivers__timer.a(nrf_rtc_timer.c.obj)
 .text.compare_int_unlock
                0x00000000000023fc       0x4c zephyr/drivers/timer/libdrivers__timer.a(nrf_rtc_timer.c.obj)
 .text.z_nrf_rtc_timer_read
                0x0000000000002448       0x44 zephyr/drivers/timer/libdrivers__timer.a(nrf_rtc_timer.c.obj)
                0x0000000000002448                z_nrf_rtc_timer_read
 .text.compare_set
                0x000000000000248c      0x124 zephyr/drivers/timer/libdrivers__timer.a(nrf_rtc_timer.c.obj)
 .text.sys_clock_driver_init
                0x00000000000025b0       0x90 zephyr/drivers/timer/libdrivers__timer.a(nrf_rtc_timer.c.obj)
 .text.rtc_nrf_isr
                0x0000000000002640       0xd0 zephyr/drivers/timer/libdrivers__timer.a(nrf_rtc_timer.c.obj)
                0x0000000000002640                rtc_nrf_isr
 .text.sys_clock_set_timeout
                0x0000000000002710       0x5c zephyr/drivers/timer/libdrivers__timer.a(nrf_rtc_timer.c.obj)
                0x0000000000002710                sys_clock_set_timeout
 .text.sys_clock_elapsed
                0x000000000000276c       0x14 zephyr/drivers/timer/libdrivers__timer.a(nrf_rtc_timer.c.obj)
                0x000000000000276c                sys_clock_elapsed
 .text.nrf53_errata_42
                0x0000000000002780       0x24 modules/hal_nordic/nrfx/libmodules__hal_nordic__nrfx.a(system_nrf5340_application.c.obj)
 .text.SystemInit
                0x00000000000027a4      0x218 modules/hal_nordic/nrfx/libmodules__hal_nordic__nrfx.a(system_nrf5340_application.c.obj)
                0x00000000000027a4                SystemInit
 .text.nrfx_flag32_alloc
                0x00000000000029bc       0x40 modules/hal_nordic/nrfx/libmodules__hal_nordic__nrfx.a(nrfx_flag32_allocator.c.obj)
                0x00000000000029bc                nrfx_flag32_alloc
 .text.nrfx_flag32_free
                0x00000000000029fc       0x38 modules/hal_nordic/nrfx/libmodules__hal_nordic__nrfx.a(nrfx_flag32_allocator.c.obj)
                0x00000000000029fc                nrfx_flag32_free
 .text.nrfx_gppi_channels_enable
                0x0000000000002a34        0xc modules/hal_nordic/nrfx/libmodules__hal_nordic__nrfx.a(nrfx_gppi_dppi.c.obj)
                0x0000000000002a34                nrfx_gppi_channels_enable
 .text.nrfx_clock_init
                0x0000000000002a40       0x20 modules/hal_nordic/nrfx/libmodules__hal_nordic__nrfx.a(nrfx_clock.c.obj)
                0x0000000000002a40                nrfx_clock_init
 .text.nrfx_clock_enable
                0x0000000000002a60       0x30 modules/hal_nordic/nrfx/libmodules__hal_nordic__nrfx.a(nrfx_clock.c.obj)
                0x0000000000002a60                nrfx_clock_enable
 .text.nrfx_clock_start
                0x0000000000002a90       0xd0 modules/hal_nordic/nrfx/libmodules__hal_nordic__nrfx.a(nrfx_clock.c.obj)
                0x0000000000002a90                nrfx_clock_start
 .text.nrfx_power_clock_irq_handler
                0x0000000000002b60       0xb0 modules/hal_nordic/nrfx/libmodules__hal_nordic__nrfx.a(nrfx_clock.c.obj)
                0x0000000000002b60                nrfx_power_clock_irq_handler
 .text.nrfx_dppi_channel_alloc
                0x0000000000002c10        0xc modules/hal_nordic/nrfx/libmodules__hal_nordic__nrfx.a(nrfx_dppi.c.obj)
                0x0000000000002c10                nrfx_dppi_channel_alloc
 .text.nrf_gpio_pin_port_decode
                0x0000000000002c1c       0x24 modules/hal_nordic/nrfx/libmodules__hal_nordic__nrfx.a(nrfx_gpiote.c.obj)
 .text.get_pin_idx
                0x0000000000002c40       0x14 modules/hal_nordic/nrfx/libmodules__hal_nordic__nrfx.a(nrfx_gpiote.c.obj)
 .text.call_handler.constprop.0
                0x0000000000002c54       0x40 modules/hal_nordic/nrfx/libmodules__hal_nordic__nrfx.a(nrfx_gpiote.c.obj)
 .text.pin_te_get.constprop.0
                0x0000000000002c94       0x18 modules/hal_nordic/nrfx/libmodules__hal_nordic__nrfx.a(nrfx_gpiote.c.obj)
 .text.pin_is_output.constprop.0
                0x0000000000002cac       0x18 modules/hal_nordic/nrfx/libmodules__hal_nordic__nrfx.a(nrfx_gpiote.c.obj)
 .text.pin_in_use_by_te.constprop.0
                0x0000000000002cc4       0x18 modules/hal_nordic/nrfx/libmodules__hal_nordic__nrfx.a(nrfx_gpiote.c.obj)
 .text.latch_pending_read_and_check
                0x0000000000002cdc       0x3c modules/hal_nordic/nrfx/libmodules__hal_nordic__nrfx.a(nrfx_gpiote.c.obj)
 .text.release_handler.isra.0
                0x0000000000002d18       0x58 modules/hal_nordic/nrfx/libmodules__hal_nordic__nrfx.a(nrfx_gpiote.c.obj)
 .text.__nrfy_internal_gpiote_events_process.constprop.0
                0x0000000000002d70       0x5c modules/hal_nordic/nrfx/libmodules__hal_nordic__nrfx.a(nrfx_gpiote.c.obj)
 .text.pin_uninit
                0x0000000000002dcc       0x84 modules/hal_nordic/nrfx/libmodules__hal_nordic__nrfx.a(nrfx_gpiote.c.obj)
 .text.nrfx_gpiote_input_configure
                0x0000000000002e50      0x178 modules/hal_nordic/nrfx/libmodules__hal_nordic__nrfx.a(nrfx_gpiote.c.obj)
                0x0000000000002e50                nrfx_gpiote_input_configure
 .text.nrfx_gpiote_output_configure
                0x0000000000002fc8      0x104 modules/hal_nordic/nrfx/libmodules__hal_nordic__nrfx.a(nrfx_gpiote.c.obj)
                0x0000000000002fc8                nrfx_gpiote_output_configure
 .text.nrfx_gpiote_global_callback_set
                0x00000000000030cc        0xc modules/hal_nordic/nrfx/libmodules__hal_nordic__nrfx.a(nrfx_gpiote.c.obj)
                0x00000000000030cc                nrfx_gpiote_global_callback_set
 .text.nrfx_gpiote_channel_get
                0x00000000000030d8       0x34 modules/hal_nordic/nrfx/libmodules__hal_nordic__nrfx.a(nrfx_gpiote.c.obj)
                0x00000000000030d8                nrfx_gpiote_channel_get
 .text.nrfx_gpiote_init
                0x000000000000310c       0x64 modules/hal_nordic/nrfx/libmodules__hal_nordic__nrfx.a(nrfx_gpiote.c.obj)
                0x000000000000310c                nrfx_gpiote_init
 .text.nrfx_gpiote_init_check
                0x0000000000003170       0x14 modules/hal_nordic/nrfx/libmodules__hal_nordic__nrfx.a(nrfx_gpiote.c.obj)
                0x0000000000003170                nrfx_gpiote_init_check
 .text.nrfx_gpiote_channel_free
                0x0000000000003184        0xc modules/hal_nordic/nrfx/libmodules__hal_nordic__nrfx.a(nrfx_gpiote.c.obj)
                0x0000000000003184                nrfx_gpiote_channel_free
 .text.nrfx_gpiote_channel_alloc
                0x0000000000003190        0xc modules/hal_nordic/nrfx/libmodules__hal_nordic__nrfx.a(nrfx_gpiote.c.obj)
                0x0000000000003190                nrfx_gpiote_channel_alloc
 .text.nrfx_gpiote_trigger_enable
                0x000000000000319c       0xac modules/hal_nordic/nrfx/libmodules__hal_nordic__nrfx.a(nrfx_gpiote.c.obj)
                0x000000000000319c                nrfx_gpiote_trigger_enable
 .text.nrfx_gpiote_0_irq_handler
                0x0000000000003248      0x1b8 modules/hal_nordic/nrfx/libmodules__hal_nordic__nrfx.a(nrfx_gpiote.c.obj)
                0x0000000000003248                nrfx_gpiote_0_irq_handler
 .text.z_fatal_error
                0x0000000000003400       0x30 zephyr/kernel/libkernel.a(fatal.c.obj)
                0x0000000000003400                z_fatal_error
 .text.z_sys_init_run_level
                0x0000000000003430       0x2c zephyr/kernel/libkernel.a(init.c.obj)
 .text.bg_thread_main
                0x000000000000345c       0xc0 zephyr/kernel/libkernel.a(init.c.obj)
 .text.z_bss_zero
                0x000000000000351c       0x18 zephyr/kernel/libkernel.a(init.c.obj)
                0x000000000000351c                z_bss_zero
 .text.z_init_cpu
                0x0000000000003534       0x68 zephyr/kernel/libkernel.a(init.c.obj)
                0x0000000000003534                z_init_cpu
 .text.z_cstart
                0x000000000000359c       0xe0 zephyr/kernel/libkernel.a(init.c.obj)
                0x000000000000359c                z_cstart
 .text.init_mem_slab_obj_core_list
                0x000000000000367c       0x24 zephyr/kernel/libkernel.a(mem_slab.c.obj)
 .text.k_mem_slab_alloc
                0x00000000000036a0       0x5c zephyr/kernel/libkernel.a(mem_slab.c.obj)
                0x00000000000036a0                k_mem_slab_alloc
 .text.z_impl_k_mutex_lock
                0x00000000000036fc       0xf0 zephyr/kernel/libkernel.a(mutex.c.obj)
                0x00000000000036fc                z_impl_k_mutex_lock
 .text.z_impl_k_mutex_unlock
                0x00000000000037ec       0x78 zephyr/kernel/libkernel.a(mutex.c.obj)
                0x00000000000037ec                z_impl_k_mutex_unlock
 .text.z_impl_k_queue_get
                0x0000000000003864       0x64 zephyr/kernel/libkernel.a(queue.c.obj)
                0x0000000000003864                z_impl_k_queue_get
 .text.z_impl_k_sem_give
                0x00000000000038c8       0x48 zephyr/kernel/libkernel.a(sem.c.obj)
                0x00000000000038c8                z_impl_k_sem_give
 .text.z_impl_k_sem_take
                0x0000000000003910       0x4c zephyr/kernel/libkernel.a(sem.c.obj)
                0x0000000000003910                z_impl_k_sem_take
 .text.z_impl_k_condvar_signal
                0x000000000000395c       0x38 zephyr/kernel/libkernel.a(condvar.c.obj)
                0x000000000000395c                z_impl_k_condvar_signal
 .text.z_impl_k_condvar_wait
                0x0000000000003994       0x4c zephyr/kernel/libkernel.a(condvar.c.obj)
                0x0000000000003994                z_impl_k_condvar_wait
 .text.z_setup_new_thread
                0x00000000000039e0       0x7c zephyr/kernel/libkernel.a(thread.c.obj)
                0x00000000000039e0                z_setup_new_thread
 .text.update_cache
                0x0000000000003a5c       0x3c zephyr/kernel/libkernel.a(sched.c.obj)
 .text.unready_thread
                0x0000000000003a98       0x30 zephyr/kernel/libkernel.a(sched.c.obj)
 .text.ready_thread
                0x0000000000003ac8       0x68 zephyr/kernel/libkernel.a(sched.c.obj)
 .text.z_thread_halt
                0x0000000000003b30       0xdc zephyr/kernel/libkernel.a(sched.c.obj)
 .text.move_thread_to_end_of_prio_q
                0x0000000000003c0c       0x74 zephyr/kernel/libkernel.a(sched.c.obj)
                0x0000000000003c0c                move_thread_to_end_of_prio_q
 .text.z_pend_curr
                0x0000000000003c80       0x58 zephyr/kernel/libkernel.a(sched.c.obj)
                0x0000000000003c80                z_pend_curr
 .text.z_thread_prio_set
                0x0000000000003cd8       0x88 zephyr/kernel/libkernel.a(sched.c.obj)
                0x0000000000003cd8                z_thread_prio_set
 .text.z_reschedule
                0x0000000000003d60       0x24 zephyr/kernel/libkernel.a(sched.c.obj)
                0x0000000000003d60                z_reschedule
 .text.z_sched_start
                0x0000000000003d84       0x3c zephyr/kernel/libkernel.a(sched.c.obj)
                0x0000000000003d84                z_sched_start
 .text.z_reschedule_irqlock
                0x0000000000003dc0       0x28 zephyr/kernel/libkernel.a(sched.c.obj)
                0x0000000000003dc0                z_reschedule_irqlock
 .text.k_sched_lock
                0x0000000000003de8       0x28 zephyr/kernel/libkernel.a(sched.c.obj)
                0x0000000000003de8                k_sched_lock
 .text.k_sched_unlock
                0x0000000000003e10       0x40 zephyr/kernel/libkernel.a(sched.c.obj)
                0x0000000000003e10                k_sched_unlock
 .text.z_sched_init
                0x0000000000003e50       0x10 zephyr/kernel/libkernel.a(sched.c.obj)
                0x0000000000003e50                z_sched_init
 .text.z_impl_k_yield
                0x0000000000003e60       0x7c zephyr/kernel/libkernel.a(sched.c.obj)
                0x0000000000003e60                z_impl_k_yield
 .text.z_tick_sleep
                0x0000000000003edc       0x88 zephyr/kernel/libkernel.a(sched.c.obj)
 .text.z_impl_k_sleep
                0x0000000000003f64       0x3c zephyr/kernel/libkernel.a(sched.c.obj)
                0x0000000000003f64                z_impl_k_sleep
 .text.z_impl_k_sched_current_thread_query
                0x0000000000003fa0        0xc zephyr/kernel/libkernel.a(sched.c.obj)
                0x0000000000003fa0                z_impl_k_sched_current_thread_query
 .text.slice_timeout
                0x0000000000003fac       0x20 zephyr/kernel/libkernel.a(timeslicing.c.obj)
 .text.thread_is_sliceable
                0x0000000000003fcc       0x3c zephyr/kernel/libkernel.a(timeslicing.c.obj)
                0x0000000000003fcc                thread_is_sliceable
 .text.z_reset_time_slice
                0x0000000000004008       0x50 zephyr/kernel/libkernel.a(timeslicing.c.obj)
                0x0000000000004008                z_reset_time_slice
 .text.z_time_slice
                0x0000000000004058       0x60 zephyr/kernel/libkernel.a(timeslicing.c.obj)
                0x0000000000004058                z_time_slice
 .text.z_data_copy
                0x00000000000040b8       0x34 zephyr/kernel/libkernel.a(xip.c.obj)
                0x00000000000040b8                z_data_copy
 .text.elapsed  0x00000000000040ec       0x14 zephyr/kernel/libkernel.a(timeout.c.obj)
 .text.remove_timeout
                0x0000000000004100       0x38 zephyr/kernel/libkernel.a(timeout.c.obj)
 .text.next_timeout
                0x0000000000004138       0x40 zephyr/kernel/libkernel.a(timeout.c.obj)
 .text.z_add_timeout
                0x0000000000004178       0xf4 zephyr/kernel/libkernel.a(timeout.c.obj)
                0x0000000000004178                z_add_timeout
 .text.sys_clock_announce
                0x000000000000426c       0xd0 zephyr/kernel/libkernel.a(timeout.c.obj)
                0x000000000000426c                sys_clock_announce
 .text.sys_clock_tick_get
                0x000000000000433c       0x30 zephyr/kernel/libkernel.a(timeout.c.obj)
                0x000000000000433c                sys_clock_tick_get
 .text.k_aligned_alloc
                0x000000000000436c       0x10 zephyr/kernel/libkernel.a(mempool.c.obj)
                0x000000000000436c                k_aligned_alloc
 .text.k_thread_system_pool_assign
                0x000000000000437c        0xc zephyr/kernel/libkernel.a(mempool.c.obj)
                0x000000000000437c                k_thread_system_pool_assign
 .text.z_thread_aligned_alloc
                0x0000000000004388       0x30 zephyr/kernel/libkernel.a(mempool.c.obj)
                0x0000000000004388                z_thread_aligned_alloc
 .text.statics_init
                0x00000000000043b8       0x24 zephyr/kernel/libkernel.a(kheap.c.obj)
 .text.nrf_cc3xx_platform_init_no_rng
                0x00000000000043dc       0x38 C:/ncs/v2.7.0/nrfxlib/crypto/nrf_cc312_platform/lib/cortex-m33/soft-float/no-interrupts/libnrf_cc312_platform_0.9.19.a(nrf_cc3xx_platform.c.obj)
                0x00000000000043dc                nrf_cc3xx_platform_init_no_rng
 .text.nrf_cc3xx_platform_abort
                0x0000000000004414       0x24 C:/ncs/v2.7.0/nrfxlib/crypto/nrf_cc312_platform/lib/cortex-m33/soft-float/no-interrupts/libnrf_cc312_platform_0.9.19.a(nrf_cc3xx_platform_abort.c.obj)
 .text.CC_PalAbort
                0x0000000000004438       0x44 C:/ncs/v2.7.0/nrfxlib/crypto/nrf_cc312_platform/lib/cortex-m33/soft-float/no-interrupts/libnrf_cc312_platform_0.9.19.a(nrf_cc3xx_platform_abort.c.obj)
                0x0000000000004438                CC_PalAbort
 .text.nrf_cc3xx_platform_set_abort
                0x000000000000447c       0x10 C:/ncs/v2.7.0/nrfxlib/crypto/nrf_cc312_platform/lib/cortex-m33/soft-float/no-interrupts/libnrf_cc312_platform_0.9.19.a(nrf_cc3xx_platform_abort.c.obj)
                0x000000000000447c                nrf_cc3xx_platform_set_abort
 .text.mutex_free
                0x000000000000448c       0x34 C:/ncs/v2.7.0/nrfxlib/crypto/nrf_cc312_platform/lib/cortex-m33/soft-float/no-interrupts/libnrf_cc312_platform_0.9.19.a(nrf_cc3xx_platform_mutex.c.obj)
 .text.mutex_lock
                0x00000000000044c0       0x48 C:/ncs/v2.7.0/nrfxlib/crypto/nrf_cc312_platform/lib/cortex-m33/soft-float/no-interrupts/libnrf_cc312_platform_0.9.19.a(nrf_cc3xx_platform_mutex.c.obj)
 .text.mutex_unlock
                0x0000000000004508       0x38 C:/ncs/v2.7.0/nrfxlib/crypto/nrf_cc312_platform/lib/cortex-m33/soft-float/no-interrupts/libnrf_cc312_platform_0.9.19.a(nrf_cc3xx_platform_mutex.c.obj)
 .text.mutex_init
                0x0000000000004540       0x20 C:/ncs/v2.7.0/nrfxlib/crypto/nrf_cc312_platform/lib/cortex-m33/soft-float/no-interrupts/libnrf_cc312_platform_0.9.19.a(nrf_cc3xx_platform_mutex.c.obj)
 .text.nrf_cc3xx_platform_set_mutexes
                0x0000000000004560       0x78 C:/ncs/v2.7.0/nrfxlib/crypto/nrf_cc312_platform/lib/cortex-m33/soft-float/no-interrupts/libnrf_cc312_platform_0.9.19.a(nrf_cc3xx_platform_mutex.c.obj)
                0x0000000000004560                nrf_cc3xx_platform_set_mutexes
 .text.CC_LibInitNoRng
                0x00000000000045d8       0x28 C:/ncs/v2.7.0/nrfxlib/crypto/nrf_cc312_platform/lib/cortex-m33/soft-float/no-interrupts/libnrf_cc312_platform_0.9.19.a(cc_lib.c.obj)
                0x00000000000045d8                CC_LibInitNoRng
 .text.CC_HalInit
                0x0000000000004600        0x4 C:/ncs/v2.7.0/nrfxlib/crypto/nrf_cc312_platform/lib/cortex-m33/soft-float/no-interrupts/libnrf_cc312_platform_0.9.19.a(cc_hal.c.obj)
                0x0000000000004600                CC_HalInit
 .text.CC_PalInit
                0x0000000000004604       0x5c C:/ncs/v2.7.0/nrfxlib/crypto/nrf_cc312_platform/lib/cortex-m33/soft-float/no-interrupts/libnrf_cc312_platform_0.9.19.a(cc_pal.c.obj)
                0x0000000000004604                CC_PalInit
 .text.CC_PalTerminate
                0x0000000000004660       0x34 C:/ncs/v2.7.0/nrfxlib/crypto/nrf_cc312_platform/lib/cortex-m33/soft-float/no-interrupts/libnrf_cc312_platform_0.9.19.a(cc_pal.c.obj)
                0x0000000000004660                CC_PalTerminate
 .text.CC_PalDmaInit
                0x0000000000004694        0x4 C:/ncs/v2.7.0/nrfxlib/crypto/nrf_cc312_platform/lib/cortex-m33/soft-float/no-interrupts/libnrf_cc312_platform_0.9.19.a(cc_pal_dma.c.obj)
                0x0000000000004694                CC_PalDmaInit
 .text.CC_PalDmaTerminate
                0x0000000000004698        0x4 C:/ncs/v2.7.0/nrfxlib/crypto/nrf_cc312_platform/lib/cortex-m33/soft-float/no-interrupts/libnrf_cc312_platform_0.9.19.a(cc_pal_dma.c.obj)
                0x0000000000004698                CC_PalDmaTerminate
 .text.CC_PalMutexCreate
                0x000000000000469c       0x14 C:/ncs/v2.7.0/nrfxlib/crypto/nrf_cc312_platform/lib/cortex-m33/soft-float/no-interrupts/libnrf_cc312_platform_0.9.19.a(cc_pal_mutex.c.obj)
                0x000000000000469c                CC_PalMutexCreate
 .text.CC_PalMutexDestroy
                0x00000000000046b0       0x14 C:/ncs/v2.7.0/nrfxlib/crypto/nrf_cc312_platform/lib/cortex-m33/soft-float/no-interrupts/libnrf_cc312_platform_0.9.19.a(cc_pal_mutex.c.obj)
                0x00000000000046b0                CC_PalMutexDestroy
 .text.CC_PalPowerSaveModeInit
                0x00000000000046c4       0x3c C:/ncs/v2.7.0/nrfxlib/crypto/nrf_cc312_platform/lib/cortex-m33/soft-float/no-interrupts/libnrf_cc312_platform_0.9.19.a(cc_pal_pm.c.obj)
                0x00000000000046c4                CC_PalPowerSaveModeInit
 .text.__l_vfprintf
                0x0000000000004700      0x4b4 c:\ncs\toolchains\ce3b5ff664\opt\zephyr-sdk\arm-zephyr-eabi\bin\../lib/gcc/../../picolibc/arm-zephyr-eabi/lib/thumb/v8-m.main/nofp\libc.a(libc_tinystdio_vflprintf.c.o)
                0x0000000000004700                __l_vfprintf
 .text._OffsetAbsSyms
                0x0000000000004bb4        0x2 zephyr/CMakeFiles/offsets.dir/./arch/arm/core/offsets/offsets.c.obj
                0x0000000000004bb4                _OffsetAbsSyms
 .text.gpio_pin_configure_dt.constprop.0
                0x0000000000004bb6       0x34 app/libapp.a(main.c.obj)
 .text.gpio_pin_set_dt.isra.0
                0x0000000000004bea       0x28 app/libapp.a(main.c.obj)
 .text.k_msleep.isra.0
                0x0000000000004c12       0x26 app/libapp.a(main.c.obj)
 .text.chunk_field
                0x0000000000004c38       0x16 zephyr/libzephyr.a(heap.c.obj)
 .text.chunk_set
                0x0000000000004c4e       0x16 zephyr/libzephyr.a(heap.c.obj)
 .text.chunk_size
                0x0000000000004c64        0xc zephyr/libzephyr.a(heap.c.obj)
 .text.set_chunk_used
                0x0000000000004c70       0x30 zephyr/libzephyr.a(heap.c.obj)
 .text.set_chunk_size
                0x0000000000004ca0        0x8 zephyr/libzephyr.a(heap.c.obj)
 .text.mem_to_chunkid
                0x0000000000004ca8       0x14 zephyr/libzephyr.a(heap.c.obj)
 .text.bucket_idx.isra.0
                0x0000000000004cbc       0x1c zephyr/libzephyr.a(heap.c.obj)
 .text.free_list_remove_bidx
                0x0000000000004cd8       0x5c zephyr/libzephyr.a(heap.c.obj)
 .text.free_list_remove
                0x0000000000004d34       0x2e zephyr/libzephyr.a(heap.c.obj)
 .text.alloc_chunk
                0x0000000000004d62       0x74 zephyr/libzephyr.a(heap.c.obj)
 .text.split_chunks
                0x0000000000004dd6       0x4e zephyr/libzephyr.a(heap.c.obj)
 .text.merge_chunks
                0x0000000000004e24       0x3c zephyr/libzephyr.a(heap.c.obj)
 .text.free_list_add
                0x0000000000004e60       0x84 zephyr/libzephyr.a(heap.c.obj)
 .text.free_chunk
                0x0000000000004ee4       0x84 zephyr/libzephyr.a(heap.c.obj)
 .text.sys_heap_free
                0x0000000000004f68       0x24 zephyr/libzephyr.a(heap.c.obj)
                0x0000000000004f68                sys_heap_free
 .text.sys_heap_alloc
                0x0000000000004f8c       0x6e zephyr/libzephyr.a(heap.c.obj)
                0x0000000000004f8c                sys_heap_alloc
 .text.sys_heap_aligned_alloc
                0x0000000000004ffa       0xe8 zephyr/libzephyr.a(heap.c.obj)
                0x0000000000004ffa                sys_heap_aligned_alloc
 .text.sys_heap_init
                0x00000000000050e2       0xb0 zephyr/libzephyr.a(heap.c.obj)
                0x00000000000050e2                sys_heap_init
 .text.arch_printk_char_out
                0x0000000000005192        0x4 zephyr/libzephyr.a(printk.c.obj)
                0x0000000000005192                arch_printk_char_out
 .text.printk   0x0000000000005196       0x1a zephyr/libzephyr.a(printk.c.obj)
                0x0000000000005196                printk
 .text.process_recheck
                0x00000000000051b0       0x38 zephyr/libzephyr.a(onoff.c.obj)
 .text.validate_args
                0x00000000000051e8       0x20 zephyr/libzephyr.a(onoff.c.obj)
 .text.notify_one
                0x0000000000005208       0x2c zephyr/libzephyr.a(onoff.c.obj)
 .text.transition_complete
                0x0000000000005234       0x1a zephyr/libzephyr.a(onoff.c.obj)
 .text.onoff_manager_init
                0x000000000000524e       0x26 zephyr/libzephyr.a(onoff.c.obj)
                0x000000000000524e                onoff_manager_init
 .text.onoff_request
                0x0000000000005274       0xae zephyr/libzephyr.a(onoff.c.obj)
                0x0000000000005274                onoff_request
 .text.sys_notify_validate
                0x0000000000005322       0x22 zephyr/libzephyr.a(notify.c.obj)
                0x0000000000005322                sys_notify_validate
 .text.sys_notify_finalize
                0x0000000000005344       0x1a zephyr/libzephyr.a(notify.c.obj)
                0x0000000000005344                sys_notify_finalize
 .text._ConfigAbsSyms
                0x000000000000535e        0x2 zephyr/libzephyr.a(configs.c.obj)
                0x000000000000535e                _ConfigAbsSyms
 .text.abort_function
                0x0000000000005360        0x2 zephyr/libzephyr.a(nrf_cc3xx_platform_abort_zephyr.c.obj)
 .text.z_arm_fatal_error
                0x0000000000005362        0xc zephyr/arch/arch/arm/core/libarch__arm__core.a(fatal.c.obj)
                0x0000000000005362                z_arm_fatal_error
 .text.z_do_kernel_oops
                0x000000000000536e        0x8 zephyr/arch/arch/arm/core/libarch__arm__core.a(fatal.c.obj)
                0x000000000000536e                z_do_kernel_oops
 .text.z_arm_nmi
                0x0000000000005376        0xe zephyr/arch/arch/arm/core/libarch__arm__core.a(nmi.c.obj)
                0x0000000000005376                z_arm_nmi
 .text.z_irq_spurious
                0x0000000000005384        0x8 zephyr/arch/arch/arm/core/cortex_m/libarch__arm__core__cortex_m.a(irq_manage.c.obj)
                0x0000000000005384                z_irq_spurious
 .text.configure_builtin_stack_guard
                0x000000000000538c        0x8 zephyr/arch/arch/arm/core/cortex_m/libarch__arm__core__cortex_m.a(thread.c.obj)
                0x000000000000538c                configure_builtin_stack_guard
 .text.arch_irq_unlock_outlined
                0x0000000000005394        0xe zephyr/arch/arch/arm/core/cortex_m/libarch__arm__core__cortex_m.a(thread.c.obj)
                0x0000000000005394                arch_irq_unlock_outlined
 .text.arch_cpu_idle
                0x00000000000053a2       0x32 zephyr/arch/arch/arm/core/cortex_m/libarch__arm__core__cortex_m.a(cpu_idle.c.obj)
                0x00000000000053a2                arch_cpu_idle
 .text.arch_cpu_atomic_idle
                0x00000000000053d4       0x38 zephyr/arch/arch/arm/core/cortex_m/libarch__arm__core__cortex_m.a(cpu_idle.c.obj)
                0x00000000000053d4                arch_cpu_atomic_idle
 .text.arm_cmse_mpu_region_get
                0x000000000000540c       0x12 zephyr/arch/arch/arm/core/cortex_m/cmse/libarch__arm__core__cortex_m__cmse.a(arm_core_cmse.c.obj)
                0x000000000000540c                arm_cmse_mpu_region_get
 .text.mpu_configure_region
                0x000000000000541e       0x32 zephyr/arch/arch/arm/core/mpu/libarch__arm__core__mpu.a(arm_mpu.c.obj)
 .text.picolibc_put
                0x0000000000005450        0xa zephyr/lib/libc/picolibc/liblib__libc__picolibc.a(libc-hooks.c.obj)
 .text.onoff_stop
                0x000000000000545a       0x10 zephyr/soc/soc/nrf5340/libsoc__nordic.a(nrf53_cpunet_mgmt.c.obj)
 .text.get_status
                0x000000000000546a       0x12 zephyr/drivers/clock_control/libdrivers__clock_control.a(clock_control_nrf.c.obj)
 .text.stop     0x000000000000547c       0x52 zephyr/drivers/clock_control/libdrivers__clock_control.a(clock_control_nrf.c.obj)
 .text.api_stop
                0x00000000000054ce        0x6 zephyr/drivers/clock_control/libdrivers__clock_control.a(clock_control_nrf.c.obj)
 .text.async_start
                0x00000000000054d4       0x5c zephyr/drivers/clock_control/libdrivers__clock_control.a(clock_control_nrf.c.obj)
 .text.api_start
                0x0000000000005530        0xe zephyr/drivers/clock_control/libdrivers__clock_control.a(clock_control_nrf.c.obj)
 .text.onoff_started_callback
                0x000000000000553e       0x12 zephyr/drivers/clock_control/libdrivers__clock_control.a(clock_control_nrf.c.obj)
 .text.hfclkaudio_start
                0x0000000000005550        0x6 zephyr/drivers/clock_control/libdrivers__clock_control.a(clock_control_nrf.c.obj)
 .text.hfclk192m_start
                0x0000000000005556        0x6 zephyr/drivers/clock_control/libdrivers__clock_control.a(clock_control_nrf.c.obj)
 .text.lfclk_start
                0x000000000000555c        0x6 zephyr/drivers/clock_control/libdrivers__clock_control.a(clock_control_nrf.c.obj)
 .text.hfclkaudio_stop
                0x0000000000005562        0x6 zephyr/drivers/clock_control/libdrivers__clock_control.a(clock_control_nrf.c.obj)
 .text.hfclk192m_stop
                0x0000000000005568        0x6 zephyr/drivers/clock_control/libdrivers__clock_control.a(clock_control_nrf.c.obj)
 .text.lfclk_stop
                0x000000000000556e        0x6 zephyr/drivers/clock_control/libdrivers__clock_control.a(clock_control_nrf.c.obj)
 .text.blocking_start_callback
                0x0000000000005574        0x6 zephyr/drivers/clock_control/libdrivers__clock_control.a(clock_control_nrf.c.obj)
 .text.gpio_nrfx_port_get_raw
                0x000000000000557a        0xc zephyr/drivers/gpio/libdrivers__gpio.a(gpio_nrfx.c.obj)
 .text.gpio_nrfx_port_set_masked_raw
                0x0000000000005586       0x14 zephyr/drivers/gpio/libdrivers__gpio.a(gpio_nrfx.c.obj)
 .text.gpio_nrfx_port_set_bits_raw
                0x000000000000559a        0xa zephyr/drivers/gpio/libdrivers__gpio.a(gpio_nrfx.c.obj)
 .text.gpio_nrfx_port_clear_bits_raw
                0x00000000000055a4        0xa zephyr/drivers/gpio/libdrivers__gpio.a(gpio_nrfx.c.obj)
 .text.gpio_nrfx_port_toggle_bits
                0x00000000000055ae       0x14 zephyr/drivers/gpio/libdrivers__gpio.a(gpio_nrfx.c.obj)
 .text.gpio_nrfx_manage_callback
                0x00000000000055c2       0x52 zephyr/drivers/gpio/libdrivers__gpio.a(gpio_nrfx.c.obj)
 .text.pinctrl_lookup_state
                0x0000000000005614       0x26 zephyr/drivers/pinctrl/libdrivers__pinctrl.a(common.c.obj)
                0x0000000000005614                pinctrl_lookup_state
 .text.regulator_npm1100_common_init
                0x000000000000563a       0x48 zephyr/drivers/regulator/libdrivers__regulator.a(regulator_npm1100.c.obj)
 .text.uarte_nrfx_err_check
                0x0000000000005682        0xe zephyr/drivers/serial/libdrivers__serial.a(uart_nrfx_uarte.c.obj)
 .text.uarte_nrfx_poll_in
                0x0000000000005690       0x28 zephyr/drivers/serial/libdrivers__serial.a(uart_nrfx_uarte.c.obj)
 .text.is_tx_ready.isra.0
                0x00000000000056b8       0x20 zephyr/drivers/serial/libdrivers__serial.a(uart_nrfx_uarte.c.obj)
 .text.uarte_nrfx_isr_int
                0x00000000000056d8       0x6e zephyr/drivers/serial/libdrivers__serial.a(uart_nrfx_uarte.c.obj)
 .text.event_clear
                0x0000000000005746       0x18 zephyr/drivers/timer/libdrivers__timer.a(nrf_rtc_timer.c.obj)
 .text.sys_clock_cycle_get_32
                0x000000000000575e        0x8 zephyr/drivers/timer/libdrivers__timer.a(nrf_rtc_timer.c.obj)
                0x000000000000575e                sys_clock_cycle_get_32
 .text.hw_cc3xx_init_internal
                0x0000000000005766        0x4 modules/nrf/drivers/hw_cc3xx/lib..__nrf__drivers__hw_cc3xx.a(hw_cc3xx.c.obj)
 .text.hw_cc3xx_init
                0x000000000000576a       0x12 modules/nrf/drivers/hw_cc3xx/lib..__nrf__drivers__hw_cc3xx.a(hw_cc3xx.c.obj)
 .text.nrfx_isr
                0x000000000000577c        0x2 modules/hal_nordic/nrfx/libmodules__hal_nordic__nrfx.a(nrfx_glue.c.obj)
                0x000000000000577c                nrfx_isr
 .text.nrfx_busy_wait
                0x000000000000577e        0x4 modules/hal_nordic/nrfx/libmodules__hal_nordic__nrfx.a(nrfx_glue.c.obj)
                0x000000000000577e                nrfx_busy_wait
 .text.nrfx_gppi_event_endpoint_setup
                0x0000000000005782        0xa modules/hal_nordic/nrfx/libmodules__hal_nordic__nrfx.a(nrfx_gppi_dppi.c.obj)
                0x0000000000005782                nrfx_gppi_event_endpoint_setup
 .text.nrfx_gppi_task_endpoint_setup
                0x000000000000578c        0xa modules/hal_nordic/nrfx/libmodules__hal_nordic__nrfx.a(nrfx_gppi_dppi.c.obj)
                0x000000000000578c                nrfx_gppi_task_endpoint_setup
 .text.nrfx_gppi_channel_endpoints_setup
                0x0000000000005796        0xe modules/hal_nordic/nrfx/libmodules__hal_nordic__nrfx.a(nrfx_gppi_dppi.c.obj)
                0x0000000000005796                nrfx_gppi_channel_endpoints_setup
 .text.nrfx_gppi_channel_alloc
                0x00000000000057a4        0x4 modules/hal_nordic/nrfx/libmodules__hal_nordic__nrfx.a(nrfx_gppi_dppi.c.obj)
                0x00000000000057a4                nrfx_gppi_channel_alloc
 .text.clock_stop
                0x00000000000057a8      0x162 modules/hal_nordic/nrfx/libmodules__hal_nordic__nrfx.a(nrfx_clock.c.obj)
 .text.nrfx_clock_stop
                0x000000000000590a        0x4 modules/hal_nordic/nrfx/libmodules__hal_nordic__nrfx.a(nrfx_clock.c.obj)
                0x000000000000590a                nrfx_clock_stop
 .text.nrf_gpio_reconfigure
                0x000000000000590e       0x92 modules/hal_nordic/nrfx/libmodules__hal_nordic__nrfx.a(nrfx_gpiote.c.obj)
 .text.nrf_gpio_cfg_sense_set
                0x00000000000059a0       0x1e modules/hal_nordic/nrfx/libmodules__hal_nordic__nrfx.a(nrfx_gpiote.c.obj)
 .text.pin_trigger_disable
                0x00000000000059be       0x48 modules/hal_nordic/nrfx/libmodules__hal_nordic__nrfx.a(nrfx_gpiote.c.obj)
 .text.nrfx_gpiote_pin_uninit
                0x0000000000005a06        0x4 modules/hal_nordic/nrfx/libmodules__hal_nordic__nrfx.a(nrfx_gpiote.c.obj)
                0x0000000000005a06                nrfx_gpiote_pin_uninit
 .text.nrfx_gpiote_trigger_disable
                0x0000000000005a0a        0x4 modules/hal_nordic/nrfx/libmodules__hal_nordic__nrfx.a(nrfx_gpiote.c.obj)
                0x0000000000005a0a                nrfx_gpiote_trigger_disable
 .text.z_impl_k_busy_wait
                0x0000000000005a0e        0x8 zephyr/kernel/libkernel.a(busy_wait.c.obj)
                0x0000000000005a0e                z_impl_k_busy_wait
 .text.z_device_state_init
                0x0000000000005a16        0x2 zephyr/kernel/libkernel.a(device.c.obj)
                0x0000000000005a16                z_device_state_init
 .text.z_device_is_ready
                0x0000000000005a18       0x16 zephyr/kernel/libkernel.a(device.c.obj)
                0x0000000000005a18                z_device_is_ready
 .text.arch_system_halt
                0x0000000000005a2e       0x10 zephyr/kernel/libkernel.a(fatal.c.obj)
                0x0000000000005a2e                arch_system_halt
 .text.k_sys_fatal_error_handler
                0x0000000000005a3e        0x6 zephyr/kernel/libkernel.a(fatal.c.obj)
                0x0000000000005a3e                k_sys_fatal_error_handler
 .text.do_device_init
                0x0000000000005a44       0x30 zephyr/kernel/libkernel.a(init.c.obj)
 .text.z_early_memset
                0x0000000000005a74        0x4 zephyr/kernel/libkernel.a(init.c.obj)
                0x0000000000005a74                z_early_memset
 .text.z_early_memcpy
                0x0000000000005a78        0x4 zephyr/kernel/libkernel.a(init.c.obj)
                0x0000000000005a78                z_early_memcpy
 .text.create_free_list
                0x0000000000005a7c       0x2c zephyr/kernel/libkernel.a(mem_slab.c.obj)
 .text.k_mem_slab_init
                0x0000000000005aa8       0x1c zephyr/kernel/libkernel.a(mem_slab.c.obj)
                0x0000000000005aa8                k_mem_slab_init
 .text.k_mem_slab_free
                0x0000000000005ac4       0x4a zephyr/kernel/libkernel.a(mem_slab.c.obj)
                0x0000000000005ac4                k_mem_slab_free
 .text.idle     0x0000000000005b0e       0x16 zephyr/kernel/libkernel.a(idle.c.obj)
                0x0000000000005b0e                idle
 .text.adjust_owner_prio.isra.0
                0x0000000000005b24       0x10 zephyr/kernel/libkernel.a(mutex.c.obj)
 .text.z_impl_k_mutex_init
                0x0000000000005b34        0xe zephyr/kernel/libkernel.a(mutex.c.obj)
                0x0000000000005b34                z_impl_k_mutex_init
 .text.queue_insert
                0x0000000000005b42       0xc2 zephyr/kernel/libkernel.a(queue.c.obj)
 .text.z_queue_node_peek
                0x0000000000005c04       0x18 zephyr/kernel/libkernel.a(queue.c.obj)
                0x0000000000005c04                z_queue_node_peek
 .text.k_queue_append
                0x0000000000005c1c       0x16 zephyr/kernel/libkernel.a(queue.c.obj)
                0x0000000000005c1c                k_queue_append
 .text.k_is_in_isr
                0x0000000000005c32        0xc zephyr/kernel/libkernel.a(thread.c.obj)
                0x0000000000005c32                k_is_in_isr
 .text.z_impl_k_thread_start
                0x0000000000005c3e        0x4 zephyr/kernel/libkernel.a(thread.c.obj)
                0x0000000000005c3e                z_impl_k_thread_start
 .text.sys_dlist_remove
                0x0000000000005c42       0x10 zephyr/kernel/libkernel.a(sched.c.obj)
 .text.unpend_thread_no_timeout
                0x0000000000005c52       0x14 zephyr/kernel/libkernel.a(sched.c.obj)
 .text.add_to_waitq_locked
                0x0000000000005c66       0x50 zephyr/kernel/libkernel.a(sched.c.obj)
 .text.z_ready_thread
                0x0000000000005cb6       0x1e zephyr/kernel/libkernel.a(sched.c.obj)
                0x0000000000005cb6                z_ready_thread
 .text.z_impl_k_thread_suspend
                0x0000000000005cd4       0x34 zephyr/kernel/libkernel.a(sched.c.obj)
                0x0000000000005cd4                z_impl_k_thread_suspend
 .text.z_sched_wake_thread
                0x0000000000005d08       0x42 zephyr/kernel/libkernel.a(sched.c.obj)
                0x0000000000005d08                z_sched_wake_thread
 .text.z_thread_timeout
                0x0000000000005d4a        0x8 zephyr/kernel/libkernel.a(sched.c.obj)
                0x0000000000005d4a                z_thread_timeout
 .text.z_unpend_first_thread
                0x0000000000005d52       0x36 zephyr/kernel/libkernel.a(sched.c.obj)
                0x0000000000005d52                z_unpend_first_thread
 .text.z_unpend_thread
                0x0000000000005d88       0x2e zephyr/kernel/libkernel.a(sched.c.obj)
                0x0000000000005d88                z_unpend_thread
 .text.z_unpend_all
                0x0000000000005db6       0x20 zephyr/kernel/libkernel.a(sched.c.obj)
                0x0000000000005db6                z_unpend_all
 .text.z_thread_abort
                0x0000000000005dd6       0x44 zephyr/kernel/libkernel.a(sched.c.obj)
                0x0000000000005dd6                z_thread_abort
 .text.z_abort_timeout
                0x0000000000005e1a       0x2a zephyr/kernel/libkernel.a(timeout.c.obj)
                0x0000000000005e1a                z_abort_timeout
 .text.sys_clock_tick_get_32
                0x0000000000005e44        0x8 zephyr/kernel/libkernel.a(timeout.c.obj)
                0x0000000000005e44                sys_clock_tick_get_32
 .text.sys_timepoint_calc
                0x0000000000005e4c       0x48 zephyr/kernel/libkernel.a(timeout.c.obj)
                0x0000000000005e4c                sys_timepoint_calc
 .text.sys_timepoint_timeout
                0x0000000000005e94       0x42 zephyr/kernel/libkernel.a(timeout.c.obj)
                0x0000000000005e94                sys_timepoint_timeout
 .text.z_heap_aligned_alloc
                0x0000000000005ed6       0x26 zephyr/kernel/libkernel.a(mempool.c.obj)
 .text.k_free   0x0000000000005efc        0xe zephyr/kernel/libkernel.a(mempool.c.obj)
                0x0000000000005efc                k_free
 .text.k_malloc
                0x0000000000005f0a        0x8 zephyr/kernel/libkernel.a(mempool.c.obj)
                0x0000000000005f0a                k_malloc
 .text.k_heap_init
                0x0000000000005f12       0x10 zephyr/kernel/libkernel.a(kheap.c.obj)
                0x0000000000005f12                k_heap_init
 .text.k_heap_aligned_alloc
                0x0000000000005f22       0x82 zephyr/kernel/libkernel.a(kheap.c.obj)
                0x0000000000005f22                k_heap_aligned_alloc
 .text.k_heap_free
                0x0000000000005fa4       0x38 zephyr/kernel/libkernel.a(kheap.c.obj)
                0x0000000000005fa4                k_heap_free
 .text.strnlen  0x0000000000005fdc       0x18 c:\ncs\toolchains\ce3b5ff664\opt\zephyr-sdk\arm-zephyr-eabi\bin\../lib/gcc/../../picolibc/arm-zephyr-eabi/lib/thumb/v8-m.main/nofp\libc.a(libc_string_strnlen.c.o)
                0x0000000000005fdc                strnlen
 .text.__ultoa_invert
                0x0000000000005ff4       0xac c:\ncs\toolchains\ce3b5ff664\opt\zephyr-sdk\arm-zephyr-eabi\bin\../lib/gcc/../../picolibc/arm-zephyr-eabi/lib/thumb/v8-m.main/nofp\libc.a(libc_tinystdio_vflprintf.c.o)
 .text.memcpy   0x00000000000060a0       0x1a c:\ncs\toolchains\ce3b5ff664\opt\zephyr-sdk\arm-zephyr-eabi\bin\../lib/gcc/../../picolibc/arm-zephyr-eabi/lib/thumb/v8-m.main/nofp\libc.a(memcpy.c.o)
                0x00000000000060a0                __aeabi_memcpy
                0x00000000000060a0                __aeabi_memcpy4
                0x00000000000060a0                __aeabi_memcpy8
                0x00000000000060a0                memcpy
 .text.memset   0x00000000000060ba       0x10 c:\ncs\toolchains\ce3b5ff664\opt\zephyr-sdk\arm-zephyr-eabi\bin\../lib/gcc/../../picolibc/arm-zephyr-eabi/lib/thumb/v8-m.main/nofp\libc.a(memset.c.o)
                0x00000000000060ba                memset
 *(SORT_BY_ALIGNMENT(.TEXT.*))
 *fill*         0x00000000000060ca        0x2 
 .TEXT.__aeabi_read_tp
                0x00000000000060cc        0xc zephyr/arch/arch/arm/core/cortex_m/libarch__arm__core__cortex_m.a(__aeabi_read_tp.S.obj)
                0x00000000000060cc                __aeabi_read_tp
 *(SORT_BY_ALIGNMENT(.gnu.linkonce.t.*))
 *(SORT_BY_ALIGNMENT(.glue_7t))
 .glue_7t       0x00000000000060d8        0x0 linker stubs
 *(SORT_BY_ALIGNMENT(.glue_7))
 .glue_7        0x00000000000060d8        0x0 linker stubs
 *(SORT_BY_ALIGNMENT(.vfp11_veneer))
 .vfp11_veneer  0x00000000000060d8        0x0 linker stubs
 *(SORT_BY_ALIGNMENT(.v4_bx))
 .v4_bx         0x00000000000060d8        0x0 linker stubs
                0x00000000000060d8                . = ALIGN (0x4)
                0x00000000000060d8                __text_region_end = .

.ARM.exidx      0x00000000000060d8        0x8
                0x00000000000060d8                __exidx_start = .
 *(SORT_BY_ALIGNMENT(.ARM.exidx*) SORT_BY_ALIGNMENT(gnu.linkonce.armexidx.*))
 .ARM.exidx     0x00000000000060d8        0x8 c:/ncs/toolchains/ce3b5ff664/opt/zephyr-sdk/arm-zephyr-eabi/bin/../lib/gcc/arm-zephyr-eabi/12.2.0/thumb/v8-m.main/nofp\libgcc.a(_udivmoddi4.o)
                0x00000000000060e0                __exidx_end = .
                0x00000000000060e0                __rodata_region_start = .

initlevel       0x00000000000060e0       0x80
                0x00000000000060e0                __init_start = .
                0x00000000000060e0                __init_EARLY_start = .
 *(SORT_BY_NAME(SORT_BY_ALIGNMENT(.z_init_EARLY?_*)))
 *(SORT_BY_NAME(SORT_BY_ALIGNMENT(.z_init_EARLY??_*)))
                0x00000000000060e0                __init_PRE_KERNEL_1_start = .
 *(SORT_BY_NAME(SORT_BY_ALIGNMENT(.z_init_PRE_KERNEL_1?_*)))
 .z_init_PRE_KERNEL_10_0_
                0x00000000000060e0        0x8 zephyr/soc/soc/nrf5340/libsoc__nordic.a(soc.c.obj)
 .z_init_PRE_KERNEL_10_0_
                0x00000000000060e8        0x8 zephyr/soc/soc/nrf5340/libsoc__nordic.a(nrf53_cpunet_mgmt.c.obj)
 *(SORT_BY_NAME(SORT_BY_ALIGNMENT(.z_init_PRE_KERNEL_1??_*)))
 .z_init_PRE_KERNEL_130_00088_
                0x00000000000060f0        0x8 zephyr/drivers/clock_control/libdrivers__clock_control.a(clock_control_nrf.c.obj)
 .z_init_PRE_KERNEL_130_0_
                0x00000000000060f8        0x8 zephyr/kernel/libkernel.a(mem_slab.c.obj)
 .z_init_PRE_KERNEL_130_0_
                0x0000000000006100        0x8 zephyr/kernel/libkernel.a(kheap.c.obj)
 .z_init_PRE_KERNEL_140_00008_
                0x0000000000006108        0x8 zephyr/drivers/gpio/libdrivers__gpio.a(gpio_nrfx.c.obj)
 .z_init_PRE_KERNEL_140_00031_
                0x0000000000006110        0x8 zephyr/drivers/gpio/libdrivers__gpio.a(gpio_nrfx.c.obj)
 .z_init_PRE_KERNEL_140_0_
                0x0000000000006118        0x8 modules/nrf/drivers/hw_cc3xx/lib..__nrf__drivers__hw_cc3xx.a(hw_cc3xx.c.obj)
 .z_init_PRE_KERNEL_150_00126_
                0x0000000000006120        0x8 zephyr/drivers/serial/libdrivers__serial.a(uart_nrfx_uarte.c.obj)
 .z_init_PRE_KERNEL_160_0_
                0x0000000000006128        0x8 zephyr/drivers/console/libdrivers__console.a(uart_console.c.obj)
                0x0000000000006130                __init_PRE_KERNEL_2_start = .
 *(SORT_BY_NAME(SORT_BY_ALIGNMENT(.z_init_PRE_KERNEL_2?_*)))
 .z_init_PRE_KERNEL_20_0_
                0x0000000000006130        0x8 zephyr/drivers/timer/libdrivers__timer.a(nrf_rtc_timer.c.obj)
 *(SORT_BY_NAME(SORT_BY_ALIGNMENT(.z_init_PRE_KERNEL_2??_*)))
                0x0000000000006138                __init_POST_KERNEL_start = .
 *(SORT_BY_NAME(SORT_BY_ALIGNMENT(.z_init_POST_KERNEL?_*)))
 .z_init_POST_KERNEL0_0_
                0x0000000000006138        0x8 zephyr/soc/soc/nrf5340/libsoc__nordic.a(soc.c.obj)
 *(SORT_BY_NAME(SORT_BY_ALIGNMENT(.z_init_POST_KERNEL??_*)))
 .z_init_POST_KERNEL40_0_
                0x0000000000006140        0x8 zephyr/lib/libc/common/liblib__libc__common.a(malloc.c.obj)
 .z_init_POST_KERNEL40_0_
                0x0000000000006148        0x8 modules/nrf/drivers/hw_cc3xx/lib..__nrf__drivers__hw_cc3xx.a(hw_cc3xx.c.obj)
 .z_init_POST_KERNEL41_0_
                0x0000000000006150        0x8 zephyr/drivers/gpio/libdrivers__gpio.a(gpio_hogs.c.obj)
 .z_init_POST_KERNEL50_00013_
                0x0000000000006158        0x8 zephyr/drivers/regulator/libdrivers__regulator.a(regulator_npm1100.c.obj)
                0x0000000000006160                __init_APPLICATION_start = .
 *(SORT_BY_NAME(SORT_BY_ALIGNMENT(.z_init_APPLICATION?_*)))
 *(SORT_BY_NAME(SORT_BY_ALIGNMENT(.z_init_APPLICATION??_*)))
                0x0000000000006160                __init_SMP_start = .
 *(SORT_BY_NAME(SORT_BY_ALIGNMENT(.z_init_SMP?_*)))
 *(SORT_BY_NAME(SORT_BY_ALIGNMENT(.z_init_SMP??_*)))
                0x0000000000006160                __init_end = .
                0x0000000000006160                __deferred_init_list_start = .
 *(SORT_BY_ALIGNMENT(.z_deferred_init))
                0x0000000000006160                __deferred_init_list_end = .

device_area     0x0000000000006160       0x64
                0x0000000000006160                _device_list_start = .
 *(SORT_BY_NAME(SORT_BY_ALIGNMENT(._device.static.*_?_*)))
 *(SORT_BY_NAME(SORT_BY_ALIGNMENT(._device.static.*_??_*)))
 ._device.static.1_30_
                0x0000000000006160       0x14 zephyr/drivers/clock_control/libdrivers__clock_control.a(clock_control_nrf.c.obj)
                0x0000000000006160                __device_dts_ord_88
 ._device.static.1_40_
                0x0000000000006174       0x28 zephyr/drivers/gpio/libdrivers__gpio.a(gpio_nrfx.c.obj)
                0x0000000000006174                __device_dts_ord_31
                0x0000000000006188                __device_dts_ord_8
 ._device.static.1_50_
                0x000000000000619c       0x14 zephyr/drivers/serial/libdrivers__serial.a(uart_nrfx_uarte.c.obj)
                0x000000000000619c                __device_dts_ord_126
 ._device.static.3_50_
                0x00000000000061b0       0x14 zephyr/drivers/regulator/libdrivers__regulator.a(regulator_npm1100.c.obj)
                0x00000000000061b0                __device_dts_ord_13
                0x00000000000061c4                _device_list_end = .

sw_isr_table    0x00000000000061c4      0x228
                0x00000000000061c4                . = ALIGN (0x4)
 *(SORT_BY_ALIGNMENT(.gnu.linkonce.sw_isr_table*))
 .gnu.linkonce.sw_isr_table
                0x00000000000061c4      0x228 zephyr/arch/common/libisr_tables.a(isr_tables.c.obj)
                0x00000000000061c4                _sw_isr_table

initlevel_error
                0x00000000000060e0        0x0
 *(SORT_BY_NAME(SORT_BY_ALIGNMENT(.z_init_[_A-Z0-9]*)))
                0x0000000000000001                ASSERT ((SIZEOF (initlevel_error) == 0x0), Undefined initialization levels used.)

app_shmem_regions
                0x00000000000063ec        0x0
                0x00000000000063ec                __app_shmem_regions_start = .
 *(SORT_BY_NAME(SORT_BY_ALIGNMENT(.app_regions.*)))
                0x00000000000063ec                __app_shmem_regions_end = .

k_p4wq_initparam_area
                0x00000000000063ec        0x0
                0x00000000000063ec                _k_p4wq_initparam_list_start = .
 *(SORT_BY_NAME(SORT_BY_ALIGNMENT(._k_p4wq_initparam.static.*)))
                0x00000000000063ec                _k_p4wq_initparam_list_end = .

_static_thread_data_area
                0x00000000000063f0       0xf0
                0x00000000000063f0                __static_thread_data_list_start = .
 *(SORT_BY_NAME(SORT_BY_ALIGNMENT(.__static_thread_data.static.*)))
 .__static_thread_data.static._k_thread_data_dis_thread_
                0x00000000000063f0       0x30 app/libapp.a(main.c.obj)
                0x00000000000063f0                _k_thread_data_dis_thread
 .__static_thread_data.static._k_thread_data_green_thread_
                0x0000000000006420       0x30 app/libapp.a(main.c.obj)
                0x0000000000006420                _k_thread_data_green_thread
 .__static_thread_data.static._k_thread_data_red_thread_
                0x0000000000006450       0x30 app/libapp.a(main.c.obj)
                0x0000000000006450                _k_thread_data_red_thread
 .__static_thread_data.static._k_thread_data_uart_thread_
                0x0000000000006480       0x30 app/libapp.a(main.c.obj)
                0x0000000000006480                _k_thread_data_uart_thread
 .__static_thread_data.static._k_thread_data_yellow_thread_
                0x00000000000064b0       0x30 app/libapp.a(main.c.obj)
                0x00000000000064b0                _k_thread_data_yellow_thread
                0x00000000000064e0                __static_thread_data_list_end = .

device_deps     0x00000000000064e0        0x0
                0x00000000000064e0                __device_deps_start = .
 *(SORT_BY_NAME(SORT_BY_ALIGNMENT(.__device_deps_pass2*)))
                0x00000000000064e0                __device_deps_end = .

ztest           0x00000000000064e0        0x0
                0x00000000000064e0                _ztest_expected_result_entry_list_start = .
 *(SORT_BY_NAME(SORT_BY_ALIGNMENT(._ztest_expected_result_entry.static.*)))
                0x00000000000064e0                _ztest_expected_result_entry_list_end = .
                0x00000000000064e0                _ztest_suite_node_list_start = .
 *(SORT_BY_NAME(SORT_BY_ALIGNMENT(._ztest_suite_node.static.*)))
                0x00000000000064e0                _ztest_suite_node_list_end = .
                0x00000000000064e0                _ztest_unit_test_list_start = .
 *(SORT_BY_NAME(SORT_BY_ALIGNMENT(._ztest_unit_test.static.*)))
                0x00000000000064e0                _ztest_unit_test_list_end = .
                0x00000000000064e0                _ztest_test_rule_list_start = .
 *(SORT_BY_NAME(SORT_BY_ALIGNMENT(._ztest_test_rule.static.*)))
                0x00000000000064e0                _ztest_test_rule_list_end = .

bt_l2cap_fixed_chan_area
                0x00000000000064e0        0x0
                0x00000000000064e0                _bt_l2cap_fixed_chan_list_start = .
 *(SORT_BY_NAME(SORT_BY_ALIGNMENT(._bt_l2cap_fixed_chan.static.*)))
                0x00000000000064e0                _bt_l2cap_fixed_chan_list_end = .

bt_gatt_service_static_area
                0x00000000000064e0        0x0
                0x00000000000064e0                _bt_gatt_service_static_list_start = .
 *(SORT_BY_NAME(SORT_BY_ALIGNMENT(._bt_gatt_service_static.static.*)))
                0x00000000000064e0                _bt_gatt_service_static_list_end = .

log_strings_area
                0x00000000000064e0        0x0
                0x00000000000064e0                _log_strings_list_start = .
 *(SORT_BY_NAME(SORT_BY_ALIGNMENT(._log_strings.static.*)))
                0x00000000000064e0                _log_strings_list_end = .

log_const_area  0x00000000000064e0        0x0
                0x00000000000064e0                _log_const_list_start = .
 *(SORT_BY_NAME(SORT_BY_ALIGNMENT(._log_const.static.*)))
                0x00000000000064e0                _log_const_list_end = .

log_backend_area
                0x00000000000064e0        0x0
                0x00000000000064e0                _log_backend_list_start = .
 *(SORT_BY_NAME(SORT_BY_ALIGNMENT(._log_backend.static.*)))
                0x00000000000064e0                _log_backend_list_end = .

log_link_area   0x00000000000064e0        0x0
                0x00000000000064e0                _log_link_list_start = .
 *(SORT_BY_NAME(SORT_BY_ALIGNMENT(._log_link.static.*)))
                0x00000000000064e0                _log_link_list_end = .

tracing_backend_area
                0x00000000000064e0        0x0
                0x00000000000064e0                _tracing_backend_list_start = .
 *(SORT_BY_NAME(SORT_BY_ALIGNMENT(._tracing_backend.static.*)))
                0x00000000000064e0                _tracing_backend_list_end = .

zephyr_dbg_info
 *(SORT_BY_ALIGNMENT(.dbg_thread_info))

symbol_to_keep  0x00000000000064e0        0x0
                0x00000000000064e0                __symbol_to_keep_start = .
 *(SORT_BY_NAME(SORT_BY_ALIGNMENT(.symbol_to_keep*)))
                0x00000000000064e0                __symbol_to_keep_end = .

shell_area      0x00000000000064e0        0x0
                0x00000000000064e0                _shell_list_start = .
 *(SORT_BY_NAME(SORT_BY_ALIGNMENT(._shell.static.*)))
                0x00000000000064e0                _shell_list_end = .

shell_root_cmds_area
                0x00000000000064e0        0x0
                0x00000000000064e0                _shell_root_cmds_list_start = .
 *(SORT_BY_NAME(SORT_BY_ALIGNMENT(._shell_root_cmds.static.*)))
                0x00000000000064e0                _shell_root_cmds_list_end = .

shell_subcmds_area
                0x00000000000064e0        0x0
                0x00000000000064e0                _shell_subcmds_list_start = .
 *(SORT_BY_NAME(SORT_BY_ALIGNMENT(._shell_subcmds.static.*)))
                0x00000000000064e0                _shell_subcmds_list_end = .

shell_dynamic_subcmds_area
                0x00000000000064e0        0x0
                0x00000000000064e0                _shell_dynamic_subcmds_list_start = .
 *(SORT_BY_NAME(SORT_BY_ALIGNMENT(._shell_dynamic_subcmds.static.*)))
                0x00000000000064e0                _shell_dynamic_subcmds_list_end = .

cfb_font_area   0x00000000000064e0        0x0
                0x00000000000064e0                _cfb_font_list_start = .
 *(SORT_BY_NAME(SORT_BY_ALIGNMENT(._cfb_font.static.*)))
                0x00000000000064e0                _cfb_font_list_end = .

tdata           0x00000000000064e0        0x0
 *(SORT_BY_ALIGNMENT(.tdata) SORT_BY_ALIGNMENT(.tdata.*) SORT_BY_ALIGNMENT(.gnu.linkonce.td.*))

tbss            0x00000000000064e0        0x4
 *(SORT_BY_ALIGNMENT(.tbss) SORT_BY_ALIGNMENT(.tbss.*) SORT_BY_ALIGNMENT(.gnu.linkonce.tb.*) SORT_BY_ALIGNMENT(.tcommon))
 .tbss.z_tls_current
                0x00000000000064e0        0x4 zephyr/libzephyr.a(thread_entry.c.obj)
                0x00000000000064e0                z_tls_current
                0x00000000000064e0                PROVIDE (__tdata_start = LOADADDR (tdata))
                0x0000000000000001                PROVIDE (__tdata_align = ALIGNOF (tdata))
                0x0000000000000000                PROVIDE (__tdata_size = (((SIZEOF (tdata) + __tdata_align) - 0x1) & ~ ((__tdata_align - 0x1))))
                [!provide]                        PROVIDE (__tdata_end = (__tdata_start + __tdata_size))
                0x0000000000000004                PROVIDE (__tbss_align = ALIGNOF (tbss))
                [!provide]                        PROVIDE (__tbss_start = ADDR (tbss))
                0x0000000000000004                PROVIDE (__tbss_size = (((SIZEOF (tbss) + __tbss_align) - 0x1) & ~ ((__tbss_align - 0x1))))
                [!provide]                        PROVIDE (__tbss_end = (__tbss_start + __tbss_size))
                [!provide]                        PROVIDE (__tls_start = __tdata_start)
                [!provide]                        PROVIDE (__tls_end = __tbss_end)
                [!provide]                        PROVIDE (__tls_size = (__tbss_end - __tdata_start))

rodata          0x00000000000064e0      0x4b0
 *(SORT_BY_ALIGNMENT(.rodata))
 *(SORT_BY_ALIGNMENT(.rodata.*))
 .rodata.delay_machine_code.0
                0x00000000000064e0        0x6 zephyr/soc/soc/nrf5340/libsoc__nordic.a(soc.c.obj)
 *fill*         0x00000000000064e6        0x2 
 .rodata.green  0x00000000000064e8        0x8 app/libapp.a(main.c.obj)
 .rodata.red    0x00000000000064f0        0x8 app/libapp.a(main.c.obj)
 .rodata.mem_attr_region
                0x00000000000064f8        0x0 zephyr/libzephyr.a(mem_attr.c.obj)
 .rodata.apis   0x00000000000064f8        0x8 zephyr/libzephyr.a(nrf_cc3xx_platform_abort_zephyr.c.obj)
 .rodata.mutexes
                0x0000000000006500       0x14 zephyr/libzephyr.a(nrf_cc3xx_platform_mutex_zephyr.c.obj)
 .rodata.mutex_apis
                0x0000000000006514       0x10 zephyr/libzephyr.a(nrf_cc3xx_platform_mutex_zephyr.c.obj)
 .rodata.static_regions
                0x0000000000006524        0xc zephyr/arch/arch/arm/core/mpu/libarch__arm__core__mpu.a(arm_core_mpu.c.obj)
 .rodata.mpu_config
                0x0000000000006530        0x8 zephyr/arch/arch/arm/core/mpu/libarch__arm__core__mpu.a(arm_mpu_regions.c.obj)
                0x0000000000006530                mpu_config
 .rodata.mpu_regions
                0x0000000000006538       0x20 zephyr/arch/arch/arm/core/mpu/libarch__arm__core__mpu.a(arm_mpu_regions.c.obj)
 .rodata.transitions.0
                0x0000000000006558        0xc zephyr/soc/soc/nrf5340/libsoc__nordic.a(nrf53_cpunet_mgmt.c.obj)
 .rodata.transitions.0
                0x0000000000006564        0xc zephyr/drivers/clock_control/libdrivers__clock_control.a(clock_control_nrf.c.obj)
 .rodata.config
                0x0000000000006570       0x20 zephyr/drivers/clock_control/libdrivers__clock_control.a(clock_control_nrf.c.obj)
 .rodata.clock_control_api
                0x0000000000006590       0x1c zephyr/drivers/clock_control/libdrivers__clock_control.a(clock_control_nrf.c.obj)
 .rodata.gpio_nrfx_p1_cfg
                0x00000000000065ac       0x18 zephyr/drivers/gpio/libdrivers__gpio.a(gpio_nrfx.c.obj)
 .rodata.gpio_nrfx_p0_cfg
                0x00000000000065c4       0x18 zephyr/drivers/gpio/libdrivers__gpio.a(gpio_nrfx.c.obj)
 .rodata.gpio_nrfx_drv_api_funcs
                0x00000000000065dc       0x24 zephyr/drivers/gpio/libdrivers__gpio.a(gpio_nrfx.c.obj)
 .rodata.config_0
                0x0000000000006600        0x8 zephyr/drivers/regulator/libdrivers__regulator.a(regulator_npm1100.c.obj)
 .rodata.uarte_0z_config
                0x0000000000006608       0x10 zephyr/drivers/serial/libdrivers__serial.a(uart_nrfx_uarte.c.obj)
 .rodata.__pinctrl_dev_config__device_dts_ord_126
                0x0000000000006618        0xc zephyr/drivers/serial/libdrivers__serial.a(uart_nrfx_uarte.c.obj)
 .rodata.__pinctrl_states__device_dts_ord_126
                0x0000000000006624        0x8 zephyr/drivers/serial/libdrivers__serial.a(uart_nrfx_uarte.c.obj)
 .rodata.__pinctrl_state_pins_0__device_dts_ord_126
                0x000000000000662c       0x10 zephyr/drivers/serial/libdrivers__serial.a(uart_nrfx_uarte.c.obj)
 .rodata.uart_nrfx_uarte_driver_api
                0x000000000000663c        0xc zephyr/drivers/serial/libdrivers__serial.a(uart_nrfx_uarte.c.obj)
 .rodata.levels.0
                0x0000000000006648       0x18 zephyr/kernel/libkernel.a(init.c.obj)
 .rodata.CSWTCH.10
                0x0000000000006660       0x20 C:/ncs/v2.7.0/nrfxlib/crypto/nrf_cc312_platform/lib/cortex-m33/soft-float/no-interrupts/libnrf_cc312_platform_0.9.19.a(nrf_cc3xx_platform.c.obj)
 .rodata.mutex_free.str1.4
                0x0000000000006680       0x26 C:/ncs/v2.7.0/nrfxlib/crypto/nrf_cc312_platform/lib/cortex-m33/soft-float/no-interrupts/libnrf_cc312_platform_0.9.19.a(nrf_cc3xx_platform_mutex.c.obj)
 *fill*         0x00000000000066a6        0x2 
 .rodata.mutex_init.str1.4
                0x00000000000066a8       0x23 C:/ncs/v2.7.0/nrfxlib/crypto/nrf_cc312_platform/lib/cortex-m33/soft-float/no-interrupts/libnrf_cc312_platform_0.9.19.a(nrf_cc3xx_platform_mutex.c.obj)
 *fill*         0x00000000000066cb        0x1 
 .rodata.CC_PalPowerSaveModeInit.str1.4
                0x00000000000066cc       0x20 C:/ncs/v2.7.0/nrfxlib/crypto/nrf_cc312_platform/lib/cortex-m33/soft-float/no-interrupts/libnrf_cc312_platform_0.9.19.a(cc_pal_pm.c.obj)
 .rodata.uart_task.str1.1
                0x00000000000066ec       0x2e app/libapp.a(main.c.obj)
 .rodata.dispatcher_task.str1.1
                0x000000000000671a       0x31 app/libapp.a(main.c.obj)
 .rodata.green_led_task.str1.1
                0x000000000000674b       0x13 app/libapp.a(main.c.obj)
 .rodata.red_led_task.str1.1
                0x000000000000675e       0x11 app/libapp.a(main.c.obj)
 .rodata.yellow_led_task.str1.1
                0x000000000000676f       0x14 app/libapp.a(main.c.obj)
 .rodata.init_leds.str1.1
                0x0000000000006783       0x5f app/libapp.a(main.c.obj)
 .rodata.main.str1.1
                0x00000000000067e2       0x3a app/libapp.a(main.c.obj)
 .rodata.str1.1
                0x000000000000681c       0x3d app/libapp.a(main.c.obj)
 .rodata.boot_banner.str1.1
                0x0000000000006859       0x63 zephyr/libzephyr.a(banner.c.obj)
 .rodata.mutex_free_platform.str1.1
                0x00000000000068bc       0x26 zephyr/libzephyr.a(nrf_cc3xx_platform_mutex_zephyr.c.obj)
 .rodata.mutex_init_platform.str1.1
                0x00000000000068e2       0x2d zephyr/libzephyr.a(nrf_cc3xx_platform_mutex_zephyr.c.obj)
 .rodata.str1.1
                0x000000000000690f        0xf zephyr/arch/arch/arm/core/mpu/libarch__arm__core__mpu.a(arm_mpu_regions.c.obj)
 .rodata.CSWTCH.4
                0x000000000000691e        0x4 zephyr/soc/soc/nrf5340/libsoc__nordic.a(nrf53_cpunet_mgmt.c.obj)
 .rodata.str1.1
                0x0000000000006922        0xb zephyr/drivers/clock_control/libdrivers__clock_control.a(clock_control_nrf.c.obj)
 .rodata.str1.1
                0x000000000000692d       0x18 zephyr/drivers/gpio/libdrivers__gpio.a(gpio_nrfx.c.obj)
 .rodata.drive_modes
                0x0000000000006945        0x9 zephyr/drivers/pinctrl/libdrivers__pinctrl.a(pinctrl_nrf.c.obj)
 .rodata.str1.1
                0x000000000000694e        0x5 zephyr/drivers/regulator/libdrivers__regulator.a(regulator_npm1100.c.obj)
 .rodata.str1.1
                0x0000000000006953        0xa zephyr/drivers/serial/libdrivers__serial.a(uart_nrfx_uarte.c.obj)
 .rodata.CSWTCH.19
                0x000000000000695d        0x4 modules/hal_nordic/nrfx/libmodules__hal_nordic__nrfx.a(system_nrf5340_application.c.obj)
 .rodata.CSWTCH.7
                0x0000000000006961        0x4 modules/hal_nordic/nrfx/libmodules__hal_nordic__nrfx.a(system_nrf5340_application.c.obj)
 .rodata.CSWTCH.5
                0x0000000000006965        0x4 modules/hal_nordic/nrfx/libmodules__hal_nordic__nrfx.a(system_nrf5340_application.c.obj)
 .rodata.port_offset.1
                0x0000000000006969       0x10 modules/hal_nordic/nrfx/libmodules__hal_nordic__nrfx.a(nrfx_gpiote.c.obj)
 .rodata.ports  0x0000000000006979        0x2 modules/hal_nordic/nrfx/libmodules__hal_nordic__nrfx.a(nrfx_gpiote.c.obj)
 .rodata.z_cstart.str1.1
                0x000000000000697b        0x5 zephyr/kernel/libkernel.a(init.c.obj)
 .rodata.__l_vfprintf.str1.1
                0x0000000000006980        0xf c:\ncs\toolchains\ce3b5ff664\opt\zephyr-sdk\arm-zephyr-eabi\bin\../lib/gcc/../../picolibc/arm-zephyr-eabi/lib/thumb/v8-m.main/nofp\libc.a(libc_tinystdio_vflprintf.c.o)
 *(SORT_BY_ALIGNMENT(.gnu.linkonce.r.*))
                0x0000000000006990                . = ALIGN (0x4)
 *fill*         0x000000000000698f        0x1 
                0x0000000000006990                __rodata_region_end = .
                0x00000000000069a0                . = ALIGN (_region_min_align)
                0x00000000000069a0                __rom_region_end = ((__rom_region_start + .) - ADDR (rom_start))

/DISCARD/
 *(SORT_BY_ALIGNMENT(.got.plt))
 *(SORT_BY_ALIGNMENT(.igot.plt))
 *(SORT_BY_ALIGNMENT(.got))
 *(SORT_BY_ALIGNMENT(.igot))
                0x0000000020000000                . = 0x20000000
                0x0000000020000000                . = ALIGN (_region_min_align)
                0x0000000020000000                _image_ram_start = .

.ramfunc        0x0000000020000000        0x0 load address 0x0000000000006990
                0x0000000020000000                . = ALIGN (_region_min_align)
                0x0000000020000000                __ramfunc_start = .
 *(SORT_BY_ALIGNMENT(.ramfunc))
 *(SORT_BY_ALIGNMENT(.ramfunc.*))
                0x0000000020000000                . = ALIGN (_region_min_align)
                0x0000000020000000                __ramfunc_end = .
                0x0000000000000000                __ramfunc_size = (__ramfunc_end - __ramfunc_start)
                0x0000000000006990                __ramfunc_load_start = LOADADDR (.ramfunc)

datas           0x0000000020000000      0x150 load address 0x0000000000006990
                0x0000000020000000                __data_region_start = .
                0x0000000020000000                __data_start = .
 *(SORT_BY_ALIGNMENT(.data))
 *(SORT_BY_ALIGNMENT(.data.*))
 .data.yellow_time
                0x0000000020000000        0x4 app/libapp.a(main.c.obj)
                0x0000000020000000                yellow_time
 .data.green_time
                0x0000000020000004        0x4 app/libapp.a(main.c.obj)
                0x0000000020000004                green_time
 .data.red_time
                0x0000000020000008        0x4 app/libapp.a(main.c.obj)
                0x0000000020000008                red_time
 .data._char_out
                0x000000002000000c        0x4 zephyr/libzephyr.a(printk.c.obj)
                0x000000002000000c                _char_out
 .data.power_mutex
                0x0000000020000010        0x8 zephyr/libzephyr.a(nrf_cc3xx_platform_mutex_zephyr.c.obj)
 .data.rng_mutex
                0x0000000020000018        0x8 zephyr/libzephyr.a(nrf_cc3xx_platform_mutex_zephyr.c.obj)
 .data.asym_mutex
                0x0000000020000020        0x8 zephyr/libzephyr.a(nrf_cc3xx_platform_mutex_zephyr.c.obj)
 .data.sym_mutex
                0x0000000020000028        0x8 zephyr/libzephyr.a(nrf_cc3xx_platform_mutex_zephyr.c.obj)
 .data.__stdout
                0x0000000020000030       0x10 zephyr/lib/libc/picolibc/liblib__libc__picolibc.a(libc-hooks.c.obj)
 .data.uarte_0_data
                0x0000000020000040       0x1c zephyr/drivers/serial/libdrivers__serial.a(uart_nrfx_uarte.c.obj)
 .data.SystemCoreClock
                0x000000002000005c        0x4 modules/hal_nordic/nrfx/libmodules__hal_nordic__nrfx.a(system_nrf5340_application.c.obj)
                0x000000002000005c                SystemCoreClock
 .data.m_allocated_channels
                0x0000000020000060        0x4 modules/hal_nordic/nrfx/libmodules__hal_nordic__nrfx.a(nrfx_dppi.c.obj)
 .data.m_cb     0x0000000020000064       0x84 modules/hal_nordic/nrfx/libmodules__hal_nordic__nrfx.a(nrfx_gpiote.c.obj)
 .data.timeout_list
                0x00000000200000e8        0x8 zephyr/kernel/libkernel.a(timeout.c.obj)
 .data.platform_abort_apis
                0x00000000200000f0        0x8 C:/ncs/v2.7.0/nrfxlib/crypto/nrf_cc312_platform/lib/cortex-m33/soft-float/no-interrupts/libnrf_cc312_platform_0.9.19.a(nrf_cc3xx_platform_abort.c.obj)
                0x00000000200000f0                platform_abort_apis
 .data.platform_mutexes
                0x00000000200000f8       0x14 C:/ncs/v2.7.0/nrfxlib/crypto/nrf_cc312_platform/lib/cortex-m33/soft-float/no-interrupts/libnrf_cc312_platform_0.9.19.a(nrf_cc3xx_platform_mutex.c.obj)
                0x00000000200000f8                platform_mutexes
 .data.platform_mutex_apis
                0x000000002000010c       0x10 C:/ncs/v2.7.0/nrfxlib/crypto/nrf_cc312_platform/lib/cortex-m33/soft-float/no-interrupts/libnrf_cc312_platform_0.9.19.a(nrf_cc3xx_platform_mutex.c.obj)
                0x000000002000010c                platform_mutex_apis
 .data.power_mutex
                0x000000002000011c        0x8 C:/ncs/v2.7.0/nrfxlib/crypto/nrf_cc312_platform/lib/cortex-m33/soft-float/no-interrupts/libnrf_cc312_platform_0.9.19.a(nrf_cc3xx_platform_mutex.c.obj)
 .data.rng_mutex
                0x0000000020000124        0x8 C:/ncs/v2.7.0/nrfxlib/crypto/nrf_cc312_platform/lib/cortex-m33/soft-float/no-interrupts/libnrf_cc312_platform_0.9.19.a(nrf_cc3xx_platform_mutex.c.obj)
 .data.asym_mutex
                0x000000002000012c        0x8 C:/ncs/v2.7.0/nrfxlib/crypto/nrf_cc312_platform/lib/cortex-m33/soft-float/no-interrupts/libnrf_cc312_platform_0.9.19.a(nrf_cc3xx_platform_mutex.c.obj)
 .data.sym_mutex
                0x0000000020000134        0x8 C:/ncs/v2.7.0/nrfxlib/crypto/nrf_cc312_platform/lib/cortex-m33/soft-float/no-interrupts/libnrf_cc312_platform_0.9.19.a(nrf_cc3xx_platform_mutex.c.obj)
 .data.pCCRndCryptoMutex
                0x000000002000013c        0x4 C:/ncs/v2.7.0/nrfxlib/crypto/nrf_cc312_platform/lib/cortex-m33/soft-float/no-interrupts/libnrf_cc312_platform_0.9.19.a(cc_pal.c.obj)
                0x000000002000013c                pCCRndCryptoMutex
 .data.CCPowerMutex
                0x0000000020000140        0x4 C:/ncs/v2.7.0/nrfxlib/crypto/nrf_cc312_platform/lib/cortex-m33/soft-float/no-interrupts/libnrf_cc312_platform_0.9.19.a(cc_pal.c.obj)
                0x0000000020000140                CCPowerMutex
 .data.CCRndCryptoMutex
                0x0000000020000144        0x4 C:/ncs/v2.7.0/nrfxlib/crypto/nrf_cc312_platform/lib/cortex-m33/soft-float/no-interrupts/libnrf_cc312_platform_0.9.19.a(cc_pal.c.obj)
                0x0000000020000144                CCRndCryptoMutex
 .data.CCAsymCryptoMutex
                0x0000000020000148        0x4 C:/ncs/v2.7.0/nrfxlib/crypto/nrf_cc312_platform/lib/cortex-m33/soft-float/no-interrupts/libnrf_cc312_platform_0.9.19.a(cc_pal.c.obj)
                0x0000000020000148                CCAsymCryptoMutex
 .data.CCSymCryptoMutex
                0x000000002000014c        0x4 C:/ncs/v2.7.0/nrfxlib/crypto/nrf_cc312_platform/lib/cortex-m33/soft-float/no-interrupts/libnrf_cc312_platform_0.9.19.a(cc_pal.c.obj)
                0x000000002000014c                CCSymCryptoMutex
 *(SORT_BY_ALIGNMENT(.kernel.*))
                0x0000000020000150                __data_end = .
                0x0000000000000150                __data_size = (__data_end - __data_start)
                0x0000000000006990                __data_load_start = LOADADDR (datas)
                0x0000000000006990                __data_region_load_start = LOADADDR (datas)

device_states   0x0000000020000150        0xa load address 0x0000000000006ae0
                0x0000000020000150                __device_states_start = .
 *(SORT_BY_ALIGNMENT(.z_devstate))
 .z_devstate    0x0000000020000150        0x2 zephyr/drivers/clock_control/libdrivers__clock_control.a(clock_control_nrf.c.obj)
 .z_devstate    0x0000000020000152        0x4 zephyr/drivers/gpio/libdrivers__gpio.a(gpio_nrfx.c.obj)
 .z_devstate    0x0000000020000156        0x2 zephyr/drivers/regulator/libdrivers__regulator.a(regulator_npm1100.c.obj)
 .z_devstate    0x0000000020000158        0x2 zephyr/drivers/serial/libdrivers__serial.a(uart_nrfx_uarte.c.obj)
 *(SORT_BY_ALIGNMENT(.z_devstate.*))
                0x000000002000015a                __device_states_end = .

log_mpsc_pbuf_area
                0x000000002000015a        0x0 load address 0x0000000000006aea
                0x000000002000015a                _log_mpsc_pbuf_list_start = .
 *(SORT_BY_NAME(SORT_BY_ALIGNMENT(._log_mpsc_pbuf.static.*)))
                0x000000002000015a                _log_mpsc_pbuf_list_end = .

log_msg_ptr_area
                0x000000002000015a        0x0 load address 0x0000000000006aea
                0x000000002000015a                _log_msg_ptr_list_start = .
 *(SORT_BY_NAME(SORT_BY_ALIGNMENT(._log_msg_ptr.static.*)))
                0x000000002000015a                _log_msg_ptr_list_end = .

log_dynamic_area
                0x000000002000015a        0x0 load address 0x0000000000006aea
                0x000000002000015a                _log_dynamic_list_start = .
 *(SORT_BY_NAME(SORT_BY_ALIGNMENT(._log_dynamic.static.*)))
                0x000000002000015a                _log_dynamic_list_end = .

k_timer_area    0x000000002000015a        0x0 load address 0x0000000000006aea
                0x000000002000015a                _k_timer_list_start = .
 *(SORT_BY_NAME(SORT_BY_ALIGNMENT(._k_timer.static.*)))
                0x000000002000015a                _k_timer_list_end = .

k_mem_slab_area
                0x000000002000015a        0x0 load address 0x0000000000006aea
                0x000000002000015a                _k_mem_slab_list_start = .
 *(SORT_BY_NAME(SORT_BY_ALIGNMENT(._k_mem_slab.static.*)))
                0x000000002000015a                _k_mem_slab_list_end = .

k_heap_area     0x000000002000015c       0x14 load address 0x0000000000006aec
                0x000000002000015c                _k_heap_list_start = .
 *(SORT_BY_NAME(SORT_BY_ALIGNMENT(._k_heap.static.*)))
 ._k_heap.static._system_heap_
                0x000000002000015c       0x14 zephyr/kernel/libkernel.a(mempool.c.obj)
                0x000000002000015c                _system_heap